[2025-11-25 15:11:57] [INFO] ================================================================================
[2025-11-25 15:11:57] [INFO] CMS Combine Analysis Workflow - Four-Top Search
[2025-11-25 15:11:57] [INFO] ================================================================================
[2025-11-25 15:11:57] [INFO] Card directory: /workfs2/cms/huahuil/CMSSW_14_1_0_pre4/src/FourTop/hua/combine/combinationV19CMSNamingFix/run2_1tau0l_v4_unblind/
[2025-11-25 15:11:57] [INFO] Analysis mode: UNBLINDED (observed)
[2025-11-25 15:11:57] [INFO] ================================================================================
[2025-11-25 15:11:57] [INFO] 
================================================================================
[2025-11-25 15:11:57] [INFO] STEP 1: Converting datacards to RooWorkspace
[2025-11-25 15:11:57] [INFO] ================================================================================
[2025-11-25 15:11:57] [INFO] Converting datacards to workspaces...
[2025-11-25 15:11:57] [INFO] Working directory: /workfs2/cms/huahuil/CMSSW_14_1_0_pre4/src/FourTop/hua/combine/combinationV19CMSNamingFix/run2_1tau0l_v4_unblind/
[2025-11-25 15:11:57] [INFO] Processing datacard: /workfs2/cms/huahuil/CMSSW_14_1_0_pre4/src/FourTop/hua/combine/combinationV19CMSNamingFix/run2_1tau0l_v4_unblind/datacard.txt
[2025-11-25 15:11:57] [INFO] Workspace name: datacard.root
[2025-11-25 15:11:57] [INFO] Output directory: /workfs2/cms/huahuil/CMSSW_14_1_0_pre4/src/FourTop/hua/combine/combinationV19CMSNamingFix/run2_1tau0l_v4_unblind/workspace/
[2025-11-25 15:11:57] [INFO] Running: text2workspace.py /workfs2/cms/huahuil/CMSSW_14_1_0_pre4/src/FourTop/hua/combine/combinationV19CMSNamingFix/run2_1tau0l_v4_unblind/datacard.txt -o /workfs2/cms/huahuil/CMSSW_14_1_0_pre4/src/FourTop/hua/combine/combinationV19CMSNamingFix/run2_1tau0l_v4_unblind/workspace/datacard.root
============================================================
Analyzing bin errors for: prop_binSR1tau0l_2018
Poisson cut-off: 10
Processes excluded for sums: tttt
============================================================
Bin        Contents        Error           Notes                         
0          317.008282      6.717232        total sum                     
0          316.989487      6.717231        excluding marked processes    
0          2227.000000     47.191101       Unweighted events, alpha=0.142348
  => Total parameter prop_binSR1tau0l_2018_bin0[0.00,-7.00,7.00] to be Gaussian constrained
------------------------------------------------------------
1          369.393193      6.811282        total sum                     
1          369.341547      6.811280        excluding marked processes    
1          2940.000000     54.221767       Unweighted events, alpha=0.125644
  => Total parameter prop_binSR1tau0l_2018_bin1[0.00,-7.00,7.00] to be Gaussian constrained
------------------------------------------------------------
2          181.061204      4.711191        total sum                     
2          181.026075      4.711189        excluding marked processes    
2          1476.000000     38.418745       Unweighted events, alpha=0.122670
  => Total parameter prop_binSR1tau0l_2018_bin2[0.00,-7.00,7.00] to be Gaussian constrained
------------------------------------------------------------
3          263.356636      5.667652        total sum                     
3          263.274345      5.667649        excluding marked processes    
3          2158.000000     46.454279       Unweighted events, alpha=0.122037
  => Total parameter prop_binSR1tau0l_2018_bin3[0.00,-7.00,7.00] to be Gaussian constrained
------------------------------------------------------------
4          276.417297      5.600718        total sum                     
4          276.257951      5.600714        excluding marked processes    
4          2433.000000     49.325450       Unweighted events, alpha=0.113612
  => Total parameter prop_binSR1tau0l_2018_bin4[0.00,-7.00,7.00] to be Gaussian constrained
------------------------------------------------------------
5          283.021242      5.584839        total sum                     
5          282.797282      5.584832        excluding marked processes    
5          2564.000000     50.635956       Unweighted events, alpha=0.110383
  => Total parameter prop_binSR1tau0l_2018_bin5[0.00,-7.00,7.00] to be Gaussian constrained
------------------------------------------------------------
6          259.135913      5.218061        total sum                     
6          258.823428      5.218051        excluding marked processes    
6          2460.000000     49.598387       Unweighted events, alpha=0.105340
  => Total parameter prop_binSR1tau0l_2018_bin6[0.00,-7.00,7.00] to be Gaussian constrained
------------------------------------------------------------
7          230.931185      4.750831        total sum                     
7          230.557392      4.750817        excluding marked processes    
7          2355.000000     48.528342       Unweighted events, alpha=0.098060
  => Total parameter prop_binSR1tau0l_2018_bin7[0.00,-7.00,7.00] to be Gaussian constrained
------------------------------------------------------------
8          214.185807      4.611726        total sum                     
8          213.698821      4.611707        excluding marked processes    
8          2147.000000     46.335731       Unweighted events, alpha=0.099761
  => Total parameter prop_binSR1tau0l_2018_bin8[0.00,-7.00,7.00] to be Gaussian constrained
------------------------------------------------------------
9          222.334056      4.556164        total sum                     
9          221.506758      4.556132        excluding marked processes    
9          2364.000000     48.620983       Unweighted events, alpha=0.094050
  => Total parameter prop_binSR1tau0l_2018_bin9[0.00,-7.00,7.00] to be Gaussian constrained
------------------------------------------------------------
10         221.554922      4.571375        total sum                     
10         220.116141      4.571317        excluding marked processes    
10         2319.000000     48.155997       Unweighted events, alpha=0.095539
  => Total parameter prop_binSR1tau0l_2018_bin10[0.00,-7.00,7.00] to be Gaussian constrained
------------------------------------------------------------
11         183.892331      3.883843        total sum                     
11         180.170306      3.883644        excluding marked processes    
11         2152.000000     46.389654       Unweighted events, alpha=0.085452
  => Total parameter prop_binSR1tau0l_2018_bin11[0.00,-7.00,7.00] to be Gaussian constrained
------------------------------------------------------------
============================================================
Analyzing bin errors for: prop_binSR1tau0l_2017
Poisson cut-off: 10
Processes excluded for sums: tttt
============================================================
Bin        Contents        Error           Notes                         
0          264.492921      6.267405        total sum                     
0          264.476813      6.267405        excluding marked processes    
0          1781.000000     42.201896       Unweighted events, alpha=0.148508
  => Total parameter prop_binSR1tau0l_2017_bin0[0.00,-7.00,7.00] to be Gaussian constrained
------------------------------------------------------------
1          251.459207      5.849387        total sum                     
1          251.421152      5.849386        excluding marked processes    
1          1847.000000     42.976738       Unweighted events, alpha=0.136145
  => Total parameter prop_binSR1tau0l_2017_bin1[0.00,-7.00,7.00] to be Gaussian constrained
------------------------------------------------------------
2          116.076986      3.794848        total sum                     
2          116.048206      3.794847        excluding marked processes    
2          935.000000      30.577770       Unweighted events, alpha=0.124147
  => Total parameter prop_binSR1tau0l_2017_bin2[0.00,-7.00,7.00] to be Gaussian constrained
------------------------------------------------------------
3          163.542365      4.431683        total sum                     
3          163.478778      4.431681        excluding marked processes    
3          1361.000000     36.891733       Unweighted events, alpha=0.120163
  => Total parameter prop_binSR1tau0l_2017_bin3[0.00,-7.00,7.00] to be Gaussian constrained
------------------------------------------------------------
4          177.509399      4.577973        total sum                     
4          177.416488      4.577971        excluding marked processes    
4          1502.000000     38.755645       Unweighted events, alpha=0.118182
  => Total parameter prop_binSR1tau0l_2017_bin4[0.00,-7.00,7.00] to be Gaussian constrained
------------------------------------------------------------
5          176.003440      4.343456        total sum                     
5          175.890031      4.343452        excluding marked processes    
5          1640.000000     40.496913       Unweighted events, alpha=0.107319
  => Total parameter prop_binSR1tau0l_2017_bin5[0.00,-7.00,7.00] to be Gaussian constrained
------------------------------------------------------------
6          167.124023      4.229552        total sum                     
6          166.958743      4.229546        excluding marked processes    
6          1558.000000     39.471509       Unweighted events, alpha=0.107268
  => Total parameter prop_binSR1tau0l_2017_bin6[0.00,-7.00,7.00] to be Gaussian constrained
------------------------------------------------------------
7          153.481852      3.933115        total sum                     
7          153.244587      3.933107        excluding marked processes    
7          1518.000000     38.961519       Unweighted events, alpha=0.101108
  => Total parameter prop_binSR1tau0l_2017_bin7[0.00,-7.00,7.00] to be Gaussian constrained
------------------------------------------------------------
8          136.981706      3.693784        total sum                     
8          136.691024      3.693774        excluding marked processes    
8          1369.000000     37.000000       Unweighted events, alpha=0.100060
  => Total parameter prop_binSR1tau0l_2017_bin8[0.00,-7.00,7.00] to be Gaussian constrained
------------------------------------------------------------
9          153.536060      3.695164        total sum                     
9          153.077731      3.695146        excluding marked processes    
9          1716.000000     41.424630       Unweighted events, alpha=0.089473
  => Total parameter prop_binSR1tau0l_2017_bin9[0.00,-7.00,7.00] to be Gaussian constrained
------------------------------------------------------------
10         158.623001      3.609602        total sum                     
10         157.716354      3.609567        excluding marked processes    
10         1909.000000     43.692105       Unweighted events, alpha=0.083092
  => Total parameter prop_binSR1tau0l_2017_bin10[0.00,-7.00,7.00] to be Gaussian constrained
------------------------------------------------------------
11         148.352876      3.461430        total sum                     
11         145.605618      3.461306        excluding marked processes    
11         1770.000000     42.071368       Unweighted events, alpha=0.083815
  => Total parameter prop_binSR1tau0l_2017_bin11[0.00,-7.00,7.00] to be Gaussian constrained
------------------------------------------------------------
============================================================
Analyzing bin errors for: prop_binSR1tau0l_2016preVFP
Poisson cut-off: 10
Processes excluded for sums: tttt
============================================================
Bin        Contents        Error           Notes                         
0          230.147876      6.115588        total sum                     
0          230.138865      6.115587        excluding marked processes    
0          1416.000000     37.629775       Unweighted events, alpha=0.162534
  => Total parameter prop_binSR1tau0l_2016preVFP_bin0[0.00,-7.00,7.00] to be Gaussian constrained
------------------------------------------------------------
1          172.103953      4.991179        total sum                     
1          172.084527      4.991178        excluding marked processes    
1          1189.000000     34.481879       Unweighted events, alpha=0.144747
  => Total parameter prop_binSR1tau0l_2016preVFP_bin1[0.00,-7.00,7.00] to be Gaussian constrained
------------------------------------------------------------
2          73.800214       3.331894        total sum                     
2          73.779800       3.331893        excluding marked processes    
2          490.000000      22.135944       Unweighted events, alpha=0.150613
  => Total parameter prop_binSR1tau0l_2016preVFP_bin2[0.00,-7.00,7.00] to be Gaussian constrained
------------------------------------------------------------
3          106.341061      3.793383        total sum                     
3          106.296169      3.793381        excluding marked processes    
3          785.000000      28.017851       Unweighted events, alpha=0.135466
  => Total parameter prop_binSR1tau0l_2016preVFP_bin3[0.00,-7.00,7.00] to be Gaussian constrained
------------------------------------------------------------
4          99.012882       3.563060        total sum                     
4          98.953448       3.563057        excluding marked processes    
4          771.000000      27.766887       Unweighted events, alpha=0.128421
  => Total parameter prop_binSR1tau0l_2016preVFP_bin4[0.00,-7.00,7.00] to be Gaussian constrained
------------------------------------------------------------
5          95.611106       3.590623        total sum                     
5          95.527452       3.590619        excluding marked processes    
5          708.000000      26.608269       Unweighted events, alpha=0.135044
  => Total parameter prop_binSR1tau0l_2016preVFP_bin5[0.00,-7.00,7.00] to be Gaussian constrained
------------------------------------------------------------
6          86.098513       3.232010        total sum                     
6          85.976144       3.232003        excluding marked processes    
6          708.000000      26.608269       Unweighted events, alpha=0.121608
  => Total parameter prop_binSR1tau0l_2016preVFP_bin6[0.00,-7.00,7.00] to be Gaussian constrained
------------------------------------------------------------
7          77.105036       2.955451        total sum                     
7          76.983644       2.955442        excluding marked processes    
7          679.000000      26.057628       Unweighted events, alpha=0.113557
  => Total parameter prop_binSR1tau0l_2016preVFP_bin7[0.00,-7.00,7.00] to be Gaussian constrained
------------------------------------------------------------
8          66.134351       2.611688        total sum                     
8          65.974032       2.611675        excluding marked processes    
8          638.000000      25.258662       Unweighted events, alpha=0.103659
  => Total parameter prop_binSR1tau0l_2016preVFP_bin8[0.00,-7.00,7.00] to be Gaussian constrained
------------------------------------------------------------
9          71.955244       2.817843        total sum                     
9          71.684259       2.817823        excluding marked processes    
9          647.000000      25.436195       Unweighted events, alpha=0.111214
  => Total parameter prop_binSR1tau0l_2016preVFP_bin9[0.00,-7.00,7.00] to be Gaussian constrained
------------------------------------------------------------
10         73.412505       2.693292        total sum                     
10         72.950464       2.693254        excluding marked processes    
10         734.000000      27.092434       Unweighted events, alpha=0.100017
  => Total parameter prop_binSR1tau0l_2016preVFP_bin10[0.00,-7.00,7.00] to be Gaussian constrained
------------------------------------------------------------
11         61.636808       2.424892        total sum                     
11         60.310465       2.424752        excluding marked processes    
11         619.000000      24.879711       Unweighted events, alpha=0.099575
  => Total parameter prop_binSR1tau0l_2016preVFP_bin11[0.00,-7.00,7.00] to be Gaussian constrained
------------------------------------------------------------
============================================================
Analyzing bin errors for: prop_binSR1tau0l_2016postVFP
Poisson cut-off: 10
Processes excluded for sums: tttt
============================================================
Bin        Contents        Error           Notes                         
0          155.629172      4.789543        total sum                     
0          155.620228      4.789542        excluding marked processes    
0          1056.000000     32.496154       Unweighted events, alpha=0.147376
  => Total parameter prop_binSR1tau0l_2016postVFP_bin0[0.00,-7.00,7.00] to be Gaussian constrained
------------------------------------------------------------
1          117.291399      3.733247        total sum                     
1          117.272051      3.733246        excluding marked processes    
1          987.000000      31.416556       Unweighted events, alpha=0.118836
  => Total parameter prop_binSR1tau0l_2016postVFP_bin1[0.00,-7.00,7.00] to be Gaussian constrained
------------------------------------------------------------
2          56.159605       2.582146        total sum                     
2          56.144850       2.582145        excluding marked processes    
2          473.000000      21.748563       Unweighted events, alpha=0.118731
  => Total parameter prop_binSR1tau0l_2016postVFP_bin2[0.00,-7.00,7.00] to be Gaussian constrained
------------------------------------------------------------
3          73.884946       2.781841        total sum                     
3          73.853634       2.781840        excluding marked processes    
3          705.000000      26.551836       Unweighted events, alpha=0.104801
  => Total parameter prop_binSR1tau0l_2016postVFP_bin3[0.00,-7.00,7.00] to be Gaussian constrained
------------------------------------------------------------
4          72.802799       2.726814        total sum                     
4          72.761430       2.726812        excluding marked processes    
4          712.000000      26.683328       Unweighted events, alpha=0.102251
  => Total parameter prop_binSR1tau0l_2016postVFP_bin4[0.00,-7.00,7.00] to be Gaussian constrained
------------------------------------------------------------
5          60.170044       2.382243        total sum                     
5          60.111679       2.382240        excluding marked processes    
5          637.000000      25.238859       Unweighted events, alpha=0.094458
  => Total parameter prop_binSR1tau0l_2016postVFP_bin5[0.00,-7.00,7.00] to be Gaussian constrained
------------------------------------------------------------
6          64.721997       2.538655        total sum                     
6          64.636063       2.538650        excluding marked processes    
6          648.000000      25.455844       Unweighted events, alpha=0.099880
  => Total parameter prop_binSR1tau0l_2016postVFP_bin6[0.00,-7.00,7.00] to be Gaussian constrained
------------------------------------------------------------
7          54.185671       2.253312        total sum                     
7          54.088111       2.253304        excluding marked processes    
7          576.000000      24.000000       Unweighted events, alpha=0.094072
  => Total parameter prop_binSR1tau0l_2016postVFP_bin7[0.00,-7.00,7.00] to be Gaussian constrained
------------------------------------------------------------
8          46.292784       2.028946        total sum                     
8          46.165465       2.028937        excluding marked processes    
8          518.000000      22.759613       Unweighted events, alpha=0.089368
  => Total parameter prop_binSR1tau0l_2016postVFP_bin8[0.00,-7.00,7.00] to be Gaussian constrained
------------------------------------------------------------
9          51.777480       2.093472        total sum                     
9          51.577059       2.093457        excluding marked processes    
9          607.000000      24.637370       Unweighted events, alpha=0.085301
  => Total parameter prop_binSR1tau0l_2016postVFP_bin9[0.00,-7.00,7.00] to be Gaussian constrained
------------------------------------------------------------
10         50.907963       2.113476        total sum                     
10         50.584116       2.113451        excluding marked processes    
10         573.000000      23.937418       Unweighted events, alpha=0.088845
  => Total parameter prop_binSR1tau0l_2016postVFP_bin10[0.00,-7.00,7.00] to be Gaussian constrained
------------------------------------------------------------
11         43.410712       1.875296        total sum                     
11         42.479803       1.875200        excluding marked processes    
11         513.000000      22.649503       Unweighted events, alpha=0.084621
  => Total parameter prop_binSR1tau0l_2016postVFP_bin11[0.00,-7.00,7.00] to be Gaussian constrained
------------------------------------------------------------
Channel SR1tau0l_2018 will use autoMCStats with settings: event-threshold=10, include-signal=0, hist-mode=1
Channel SR1tau0l_2017 will use autoMCStats with settings: event-threshold=10, include-signal=0, hist-mode=1
Channel SR1tau0l_2016preVFP will use autoMCStats with settings: event-threshold=10, include-signal=0, hist-mode=1
Channel SR1tau0l_2016postVFP will use autoMCStats with settings: event-threshold=10, include-signal=0, hist-mode=1
[2025-11-25 15:12:37] [INFO] ✓ Workspace transformation complete! Created 1 workspace(s)

[2025-11-25 15:12:37] [INFO] 
================================================================================
[2025-11-25 15:12:37] [INFO] STEP 2: Calculating expected/observed limits
[2025-11-25 15:12:37] [INFO] ================================================================================
[2025-11-25 15:12:37] [INFO] Using tttt datacard: datacard.root
[2025-11-25 15:12:37] [INFO] Output directory: /workfs2/cms/huahuil/CMSSW_14_1_0_pre4/src/FourTop/hua/combine/combinationV19CMSNamingFix/run2_1tau0l_v4_unblind/workspace/results/
[2025-11-25 15:12:37] [INFO] Working directory: /workfs2/cms/huahuil/CMSSW_14_1_0_pre4/src/FourTop/hua/combine/combinationV19CMSNamingFix/run2_1tau0l_v4_unblind/
[2025-11-25 15:12:37] [INFO] Running tttt Limits calculation - unblinded (observed)
[2025-11-25 15:12:37] [INFO] Running: combine -M AsymptoticLimits /workfs2/cms/huahuil/CMSSW_14_1_0_pre4/src/FourTop/hua/combine/combinationV19CMSNamingFix/run2_1tau0l_v4_unblind/workspace/datacard.root --name _datacard
[2025-11-25 15:14:50] [INFO] stdout:  <<< Combine >>> 
 <<< v10.1.0 >>>
>>> Random number generator seed is 123456
>>> Method used is AsymptoticLimits

 -- AsymptoticLimits ( CLs ) --
Observed Limit: r < 14.4900
Expected  2.5%: r < 4.0375
Expected 16.0%: r < 5.4228
Expected 50.0%: r < 7.6562
Expected 84.0%: r < 11.0438
Expected 97.5%: r < 15.4895

Done in 2.13 min (cpu), 2.15 min (real)

[2025-11-25 15:14:50] [INFO] ✓ Command completed (exit code: 0)
[2025-11-25 15:14:50] [INFO] 
================================================================================
[2025-11-25 15:14:50] [INFO] STEP 3: Calculating significance
[2025-11-25 15:14:50] [INFO] ================================================================================
[2025-11-25 15:14:50] [INFO] Using tttt datacard: datacard.root
[2025-11-25 15:14:50] [INFO] Output directory: /workfs2/cms/huahuil/CMSSW_14_1_0_pre4/src/FourTop/hua/combine/combinationV19CMSNamingFix/run2_1tau0l_v4_unblind/workspace/results/
[2025-11-25 15:14:50] [INFO] Working directory: /workfs2/cms/huahuil/CMSSW_14_1_0_pre4/src/FourTop/hua/combine/combinationV19CMSNamingFix/run2_1tau0l_v4_unblind/
[2025-11-25 15:14:50] [INFO] Running tttt Significance calculation - unblinded (observed)
[2025-11-25 15:14:50] [INFO] Running: combine -M Significance /workfs2/cms/huahuil/CMSSW_14_1_0_pre4/src/FourTop/hua/combine/combinationV19CMSNamingFix/run2_1tau0l_v4_unblind/workspace/datacard.root --name _datacard --plot significance
[2025-11-25 15:15:00] [INFO] stdout:  <<< Combine >>> 
 <<< v10.1.0 >>>
>>> Random number generator seed is 123456
>>> Method used is Significance

 -- Significance -- 
Significance: 1.86343
Done in 0.08 min (cpu), 0.08 min (real)

[2025-11-25 15:15:00] [INFO] ✓ Command completed (exit code: 0)
[2025-11-25 15:15:00] [INFO] 
================================================================================
[2025-11-25 15:15:00] [INFO] STEP 5: Generating post-fit plots
[2025-11-25 15:15:00] [INFO] ================================================================================
[2025-11-25 15:15:00] [INFO] Using tttt datacard: datacard.root
[2025-11-25 15:15:00] [INFO] Output directory: /workfs2/cms/huahuil/CMSSW_14_1_0_pre4/src/FourTop/hua/combine/combinationV19CMSNamingFix/run2_1tau0l_v4_unblind/combineResults/postfitPlots/
[2025-11-25 15:15:00] [INFO] Working directory: /workfs2/cms/huahuil/CMSSW_14_1_0_pre4/src/FourTop/hua/combine/combinationV19CMSNamingFix/run2_1tau0l_v4_unblind/combineResults/postfitPlots/
[2025-11-25 15:15:00] [INFO] Running: combine -M FitDiagnostics /workfs2/cms/huahuil/CMSSW_14_1_0_pre4/src/FourTop/hua/combine/combinationV19CMSNamingFix/run2_1tau0l_v4_unblind/workspace/datacard.root  --rMin 0 --rMax 20 --saveShapes --saveWithUncertainties --cminDefaultMinimizerStrategy 0
[2025-11-25 15:18:28] [INFO] stdout:  <<< Combine >>> 
 <<< v10.1.0 >>>
>>> Random number generator seed is 123456
>>> Method used is FitDiagnostics

 --- FitDiagnostics ---
Best fit r: 7.15924  -3.90907/+4.24685  (68% CL)
Done in 3.37 min (cpu), 3.41 min (real)

[2025-11-25 15:18:28] [INFO] ✓ Command completed (exit code: 0)
[2025-11-25 15:18:28] [INFO] 
================================================================================
[2025-11-25 15:18:28] [INFO] STEP 6: Measuring signal strength
[2025-11-25 15:18:28] [INFO] ================================================================================
[2025-11-25 15:18:28] [INFO] Using tttt datacard: datacard.root
[2025-11-25 15:18:28] [INFO] Output directory: /workfs2/cms/huahuil/CMSSW_14_1_0_pre4/src/FourTop/hua/combine/combinationV19CMSNamingFix/run2_1tau0l_v4_unblind/combineResults/signalStrength/
[2025-11-25 15:18:28] [INFO] Working directory: /workfs2/cms/huahuil/CMSSW_14_1_0_pre4/src/FourTop/hua/combine/combinationV19CMSNamingFix/run2_1tau0l_v4_unblind/combineResults/signalStrength/
[2025-11-25 15:18:28] [INFO] Running: combine -M MultiDimFit /workfs2/cms/huahuil/CMSSW_14_1_0_pre4/src/FourTop/hua/combine/combinationV19CMSNamingFix/run2_1tau0l_v4_unblind/workspace/datacard.root --algo grid --points 100 --rMin 0 --rMax 20 --redefineSignalPOIs r -n .scan
[2025-11-25 15:20:08] [INFO] stdout:  <<< Combine >>> 
 <<< v10.1.0 >>>
>>> Random number generator seed is 123456
>>> Method used is MultiDimFit
Doing initial fit: 
 POI: r= 7.15617 -> [0,20]
Point 0/100 r = 0.1
Point 1/100 r = 0.3
Point 2/100 r = 0.5
Point 3/100 r = 0.7
Point 4/100 r = 0.9
Point 5/100 r = 1.1
Point 6/100 r = 1.3
Point 7/100 r = 1.5
Point 8/100 r = 1.7
Point 9/100 r = 1.9
Point 10/100 r = 2.1
Point 11/100 r = 2.3
Point 12/100 r = 2.5
Point 13/100 r = 2.7
Point 14/100 r = 2.9
Point 15/100 r = 3.1
Point 16/100 r = 3.3
Point 17/100 r = 3.5
Point 18/100 r = 3.7
Point 19/100 r = 3.9
Point 20/100 r = 4.1
Point 21/100 r = 4.3
Point 22/100 r = 4.5
Point 23/100 r = 4.7
Point 24/100 r = 4.9
Point 25/100 r = 5.1
Point 26/100 r = 5.3
Point 27/100 r = 5.5
Point 28/100 r = 5.7
Point 29/100 r = 5.9
Point 30/100 r = 6.1
Point 31/100 r = 6.3
Point 32/100 r = 6.5
Point 33/100 r = 6.7
Point 34/100 r = 6.9
Point 35/100 r = 7.1
Point 36/100 r = 7.3
Point 37/100 r = 7.5
Point 38/100 r = 7.7
Point 39/100 r = 7.9
Point 40/100 r = 8.1
Point 41/100 r = 8.3
Point 42/100 r = 8.5
Point 43/100 r = 8.7
Point 44/100 r = 8.9
Point 45/100 r = 9.1
Point 46/100 r = 9.3
Point 47/100 r = 9.5
Point 48/100 r = 9.7
Point 49/100 r = 9.9
Point 50/100 r = 10.1
Point 51/100 r = 10.3
Point 52/100 r = 10.5
Point 53/100 r = 10.7
Point 54/100 r = 10.9
Point 55/100 r = 11.1
Point 56/100 r = 11.3
Point 57/100 r = 11.5
Point 58/100 r = 11.7
Point 59/100 r = 11.9
Point 60/100 r = 12.1
Point 61/100 r = 12.3
Point 62/100 r = 12.5
Point 63/100 r = 12.7
Point 64/100 r = 12.9
Point 65/100 r = 13.1
Point 66/100 r = 13.3
Point 67/100 r = 13.5
Point 68/100 r = 13.7
Point 69/100 r = 13.9
Point 70/100 r = 14.1
Point 71/100 r = 14.3
Point 72/100 r = 14.5
Point 73/100 r = 14.7
Point 74/100 r = 14.9
Point 75/100 r = 15.1
Point 76/100 r = 15.3
Point 77/100 r = 15.5
Point 78/100 r = 15.7
Point 79/100 r = 15.9
Point 80/100 r = 16.1
Point 81/100 r = 16.3
Point 82/100 r = 16.5
Point 83/100 r = 16.7
Point 84/100 r = 16.9
Point 85/100 r = 17.1
Point 86/100 r = 17.3
Point 87/100 r = 17.5
Point 88/100 r = 17.7
Point 89/100 r = 17.9
Point 90/100 r = 18.1
Point 91/100 r = 18.3
Point 92/100 r = 18.5
Point 93/100 r = 18.7
Point 94/100 r = 18.9
Point 95/100 r = 19.1
Point 96/100 r = 19.3
Point 97/100 r = 19.5
Point 98/100 r = 19.7
Point 99/100 r = 19.9
Done in 1.56 min (cpu), 1.60 min (real)

[2025-11-25 15:20:08] [INFO] ✓ Command completed (exit code: 0)
[2025-11-25 15:20:08] [INFO] Running: combine -M MultiDimFit /workfs2/cms/huahuil/CMSSW_14_1_0_pre4/src/FourTop/hua/combine/combinationV19CMSNamingFix/run2_1tau0l_v4_unblind/workspace/datacard.root -n .snapshot --rMin 0 --rMax 20 --saveWorkspace
[2025-11-25 15:20:42] [INFO] stdout:  <<< Combine >>> 
 <<< v10.1.0 >>>
>>> Random number generator seed is 123456
>>> Method used is MultiDimFit
Doing initial fit: 

 --- MultiDimFit ---
best fit parameter values: 
   r :    +7.156
Done in 0.04 min (cpu), 0.04 min (real)

[2025-11-25 15:20:42] [INFO] ✓ Command completed (exit code: 0)
[2025-11-25 15:20:42] [INFO] Running: combine -M MultiDimFit higgsCombine.snapshot.MultiDimFit.mH120.root -n .freezeAll --rMin 0 --rMax 20 --algo grid --points 100 --freezeParameters allConstrainedNuisances --snapshotName MultiDimFit
[2025-11-25 15:20:49] [INFO] stdout:  <<< Combine >>> 
 <<< v10.1.0 >>>
>>> Random number generator seed is 123456
>>> Method used is MultiDimFit
Doing initial fit: 
 POI: r= 7.15583 -> [0,20]
Point 0/100 r = 0.1
Point 1/100 r = 0.3
Point 2/100 r = 0.5
Point 3/100 r = 0.7
Point 4/100 r = 0.9
Point 5/100 r = 1.1
Point 6/100 r = 1.3
Point 7/100 r = 1.5
Point 8/100 r = 1.7
Point 9/100 r = 1.9
Point 10/100 r = 2.1
Point 11/100 r = 2.3
Point 12/100 r = 2.5
Point 13/100 r = 2.7
Point 14/100 r = 2.9
Point 15/100 r = 3.1
Point 16/100 r = 3.3
Point 17/100 r = 3.5
Point 18/100 r = 3.7
Point 19/100 r = 3.9
Point 20/100 r = 4.1
Point 21/100 r = 4.3
Point 22/100 r = 4.5
Point 23/100 r = 4.7
Point 24/100 r = 4.9
Point 25/100 r = 5.1
Point 26/100 r = 5.3
Point 27/100 r = 5.5
Point 28/100 r = 5.7
Point 29/100 r = 5.9
Point 30/100 r = 6.1
Point 31/100 r = 6.3
Point 32/100 r = 6.5
Point 33/100 r = 6.7
Point 34/100 r = 6.9
Point 35/100 r = 7.1
Point 36/100 r = 7.3
Point 37/100 r = 7.5
Point 38/100 r = 7.7
Point 39/100 r = 7.9
Point 40/100 r = 8.1
Point 41/100 r = 8.3
Point 42/100 r = 8.5
Point 43/100 r = 8.7
Point 44/100 r = 8.9
Point 45/100 r = 9.1
Point 46/100 r = 9.3
Point 47/100 r = 9.5
Point 48/100 r = 9.7
Point 49/100 r = 9.9
Point 50/100 r = 10.1
Point 51/100 r = 10.3
Point 52/100 r = 10.5
Point 53/100 r = 10.7
Point 54/100 r = 10.9
Point 55/100 r = 11.1
Point 56/100 r = 11.3
Point 57/100 r = 11.5
Point 58/100 r = 11.7
Point 59/100 r = 11.9
Point 60/100 r = 12.1
Point 61/100 r = 12.3
Point 62/100 r = 12.5
Point 63/100 r = 12.7
Point 64/100 r = 12.9
Point 65/100 r = 13.1
Point 66/100 r = 13.3
Point 67/100 r = 13.5
Point 68/100 r = 13.7
Point 69/100 r = 13.9
Point 70/100 r = 14.1
Point 71/100 r = 14.3
Point 72/100 r = 14.5
Point 73/100 r = 14.7
Point 74/100 r = 14.9
Point 75/100 r = 15.1
Point 76/100 r = 15.3
Point 77/100 r = 15.5
Point 78/100 r = 15.7
Point 79/100 r = 15.9
Point 80/100 r = 16.1
Point 81/100 r = 16.3
Point 82/100 r = 16.5
Point 83/100 r = 16.7
Point 84/100 r = 16.9
Point 85/100 r = 17.1
Point 86/100 r = 17.3
Point 87/100 r = 17.5
Point 88/100 r = 17.7
Point 89/100 r = 17.9
Point 90/100 r = 18.1
Point 91/100 r = 18.3
Point 92/100 r = 18.5
Point 93/100 r = 18.7
Point 94/100 r = 18.9
Point 95/100 r = 19.1
Point 96/100 r = 19.3
Point 97/100 r = 19.5
Point 98/100 r = 19.7
Point 99/100 r = 19.9
Done in 0.01 min (cpu), 0.01 min (real)

[2025-11-25 15:20:49] [INFO] ✓ Command completed (exit code: 0)
[2025-11-25 15:20:49] [INFO] Running: plot1DScan.py higgsCombine.scan.MultiDimFit.mH120.root --others 'higgsCombine.freezeAll.MultiDimFit.mH120.root:StatOnly:2' -o scan_plot --breakdown Syst,Stat
[2025-11-25 15:20:58] [INFO] stdout: --------------------------------------
scan_plot
--------------------------------------
[{'lo': 3.2492370238561503, 'hi': 11.406273869187991, 'valid_lo': True, 'valid_hi': True}]
[{'lo': 0.10000000149011612, 'hi': 16.171182190851642, 'valid_lo': False, 'valid_hi': True}]
[{'lo': 4.90984398307584, 'hi': 9.456166308875183, 'valid_lo': True, 'valid_hi': True}]
[{'lo': 2.718170178204156, 'hi': 11.810897893562158, 'valid_lo': True, 'valid_hi': True}]

[2025-11-25 15:20:58] [INFO] ✓ Command completed (exit code: 0)
[2025-11-25 15:20:58] [INFO] Running: cd /workfs2/cms/huahuil/CMSSW_14_1_0_pre4/src/FourTop/hua/combine/combinationV19CMSNamingFix/run2_1tau0l_v4_unblind/combineResults/signalStrength/ && combine -M MultiDimFit higgsCombineTest.MultiDimFit.mH120.root --algo singles --redefineSignalPOIs r --saveWorkspace 2>&1 | grep "r :"
[2025-11-25 15:20:59] [ERROR] Command failed with return code 1: cd /workfs2/cms/huahuil/CMSSW_14_1_0_pre4/src/FourTop/hua/combine/combinationV19CMSNamingFix/run2_1tau0l_v4_unblind/combineResults/signalStrength/ && combine -M MultiDimFit higgsCombineTest.MultiDimFit.mH120.root --algo singles --redefineSignalPOIs r --saveWorkspace 2>&1 | grep "r :"
[2025-11-25 15:20:59] [ERROR] Failed to execute command: cd /workfs2/cms/huahuil/CMSSW_14_1_0_pre4/src/FourTop/hua/combine/combinationV19CMSNamingFix/run2_1tau0l_v4_unblind/combineResults/signalStrength/ && combine -M MultiDimFit higgsCombineTest.MultiDimFit.mH120.root --algo singles --redefineSignalPOIs r --saveWorkspace 2>&1 | grep "r :"
[2025-11-25 15:20:59] [ERROR] Error: Command 'cd /workfs2/cms/huahuil/CMSSW_14_1_0_pre4/src/FourTop/hua/combine/combinationV19CMSNamingFix/run2_1tau0l_v4_unblind/combineResults/signalStrength/ && combine -M MultiDimFit higgsCombineTest.MultiDimFit.mH120.root --algo singles --redefineSignalPOIs r --saveWorkspace 2>&1 | grep "r :"' returned non-zero exit status 1.
[2025-11-25 15:20:59] [ERROR] Analysis workflow failed: Command 'cd /workfs2/cms/huahuil/CMSSW_14_1_0_pre4/src/FourTop/hua/combine/combinationV19CMSNamingFix/run2_1tau0l_v4_unblind/combineResults/signalStrength/ && combine -M MultiDimFit higgsCombineTest.MultiDimFit.mH120.root --algo singles --redefineSignalPOIs r --saveWorkspace 2>&1 | grep "r :"' returned non-zero exit status 1.
Traceback (most recent call last):
  File "/workfs2/cms/huahuil/CMSSW_14_1_0_pre4/src/FourTop/hua/combine/runCombineAll.py", line 253, in main
    measureSignalStrength(working_cardDir, ifVLL, channel)  #!Step 3 of unblinding
  File "/workfs2/cms/huahuil/CMSSW_14_1_0_pre4/src/FourTop/hua/combine/runCombineAll.py", line 390, in measureSignalStrength
    runCommand(extractTotal)
  File "/workfs2/cms/huahuil/CMSSW_14_1_0_pre4/src/FourTop/hua/combine/runCombineAll.py", line 512, in runCommand
    raise subprocess.CalledProcessError(returncode, com, output=stdout, stderr=stderr)
subprocess.CalledProcessError: Command 'cd /workfs2/cms/huahuil/CMSSW_14_1_0_pre4/src/FourTop/hua/combine/combinationV19CMSNamingFix/run2_1tau0l_v4_unblind/combineResults/signalStrength/ && combine -M MultiDimFit higgsCombineTest.MultiDimFit.mH120.root --algo singles --redefineSignalPOIs r --saveWorkspace 2>&1 | grep "r :"' returned non-zero exit status 1.
Info in <TCanvas::Print>: pdf file ./scan_plot.pdf has been created
Info in <TCanvas::Print>: png file ./scan_plot.png has been created

Signal strength results here:  /workfs2/cms/huahuil/CMSSW_14_1_0_pre4/src/FourTop/hua/combine/combinationV19CMSNamingFix/run2_1tau0l_v4_unblind/combineResults/signalStrength/

============================================================
Signal Strength and Uncertainty Breakdown:
============================================================

Running uncertainty extraction...
