Could not find platform independent libraries <prefix>
Could not find platform dependent libraries <exec_prefix>
Consider setting $PYTHONHOME to <prefix>[:<exec_prefix>]
Python path configuration:
  PYTHONHOME = (not set)
  PYTHONPATH = (not set)
  program name = 'python'
  isolated = 0
  environment = 1
  user site = 1
  import site = 1
  sys._base_executable = '/usr/bin/python'
  sys.base_prefix = '/data/cmsbld/jenkins/workspace/ib-run-pr-tests/testBuildDir/tmp/BUILDROOT/b98669a1dd7ad6f9a9402f3cf1f9d11c/opt/cmssw/el9_amd64_gcc12/external/python3/3.9.14-b98669a1dd7ad6f9a9402f3cf1f9d11c'
  sys.base_exec_prefix = '/data/cmsbld/jenkins/workspace/ib-run-pr-tests/testBuildDir/tmp/BUILDROOT/b98669a1dd7ad6f9a9402f3cf1f9d11c/opt/cmssw/el9_amd64_gcc12/external/python3/3.9.14-b98669a1dd7ad6f9a9402f3cf1f9d11c'
  sys.platlibdir = 'lib'
  sys.executable = '/usr/bin/python'
  sys.prefix = '/data/cmsbld/jenkins/workspace/ib-run-pr-tests/testBuildDir/tmp/BUILDROOT/b98669a1dd7ad6f9a9402f3cf1f9d11c/opt/cmssw/el9_amd64_gcc12/external/python3/3.9.14-b98669a1dd7ad6f9a9402f3cf1f9d11c'
  sys.exec_prefix = '/data/cmsbld/jenkins/workspace/ib-run-pr-tests/testBuildDir/tmp/BUILDROOT/b98669a1dd7ad6f9a9402f3cf1f9d11c/opt/cmssw/el9_amd64_gcc12/external/python3/3.9.14-b98669a1dd7ad6f9a9402f3cf1f9d11c'
  sys.path = [
    '/data/cmsbld/jenkins/workspace/ib-run-pr-tests/testBuildDir/tmp/BUILDROOT/b98669a1dd7ad6f9a9402f3cf1f9d11c/opt/cmssw/el9_amd64_gcc12/external/python3/3.9.14-b98669a1dd7ad6f9a9402f3cf1f9d11c/lib/python39.zip',
    '/data/cmsbld/jenkins/workspace/ib-run-pr-tests/testBuildDir/tmp/BUILDROOT/b98669a1dd7ad6f9a9402f3cf1f9d11c/opt/cmssw/el9_amd64_gcc12/external/python3/3.9.14-b98669a1dd7ad6f9a9402f3cf1f9d11c/lib/python3.9',
    '/data/cmsbld/jenkins/workspace/ib-run-pr-tests/testBuildDir/tmp/BUILDROOT/b98669a1dd7ad6f9a9402f3cf1f9d11c/opt/cmssw/el9_amd64_gcc12/external/python3/3.9.14-b98669a1dd7ad6f9a9402f3cf1f9d11c/lib/lib-dynload',
  ]
Fatal Python error: init_fs_encoding: failed to get the Python codec of the filesystem encoding
Python runtime state: core initialized
ModuleNotFoundError: No module named 'encodings'

Current thread 0x00007f7b74dd0580 (most recent call first):
<no Python frame>
