Starting survey of log/ and jobSH/ directories...
Surveying /publicfs/cms/user/huahuil/tauOfTTTT_NanoAOD/forMVA for log/ and jobSH/ directories...
This may take 5-10 minutes...
  Processed 100 directories...
  Processed 200 directories...
  Processed 300 directories...
  Processed 400 directories...
  Processed 500 directories...
  Processed 600 directories...
  Processed 700 directories...
  Processed 800 directories...
  Processed 900 directories...
  Processed 1000 directories...
  Processed 1100 directories...
  Processed 1200 directories...
  Processed 1300 directories...
  Processed 1400 directories...
  Processed 1500 directories...
  Processed 1600 directories...
  Processed 1700 directories...
  Processed 1800 directories...
  Processed 1900 directories...
  Processed 2000 directories...
  Processed 2100 directories...
  Processed 2200 directories...
  Processed 2300 directories...
  Processed 2400 directories...
  Processed 2500 directories...
  Processed 2600 directories...
  Processed 2700 directories...
  Processed 2800 directories...
  Processed 2900 directories...
  Processed 3000 directories...
  Processed 3100 directories...
  Processed 3200 directories...
  Processed 3300 directories...
  Processed 3400 directories...
  Processed 3500 directories...
  Processed 3600 directories...
  Processed 3700 directories...
  Processed 3800 directories...
  Processed 3900 directories...
  Processed 4000 directories...
  Processed 4100 directories...
  Processed 4200 directories...
  Processed 4300 directories...
Found 1545 histogram directories with log/jobSH files

Total files to DELETE: 251,865
Warning: Could not get quota info: invalid literal for int() with base 10: 'grace'
================================================================================
Cleanup Mode: EXECUTE (will delete!)
================================================================================
Found 1545 histogram directories with log/jobSH files
Log file: cleanup_logs_jobsh_20251127_140258.txt
================================================================================
  Processed 100/1545 directories...
  Processed 200/1545 directories...
  Processed 300/1545 directories...
  Processed 400/1545 directories...
  Processed 500/1545 directories...
  Processed 600/1545 directories...
  Processed 700/1545 directories...
  Processed 800/1545 directories...
  Processed 900/1545 directories...
  Processed 1000/1545 directories...
  Processed 1100/1545 directories...
  Processed 1200/1545 directories...
  Processed 1300/1545 directories...
  Processed 1400/1545 directories...
  Processed 1500/1545 directories...
Warning: Could not get quota info: invalid literal for int() with base 10: 'grace'

================================================================================
Cleanup Summary
================================================================================
Directories cleaned: 1545
Total files freed: 250,322
  log/ files:   176,285 (zipped, not deleted)
  jobSH/ files: 74,037 (deleted)

Log written to: cleanup_logs_jobsh_20251127_140258.txt
================================================================================
