Starting survey of log/ and jobSH/ directories...
Surveying /publicfs/cms/user/huahuil/tauOfTTTT_NanoAOD/forMVA for log/ and jobSH/ directories...
This may take 5-10 minutes...
  Processed 100 directories...
  Processed 200 directories...
  Processed 300 directories...
  Processed 400 directories...
  Processed 500 directories...
  Processed 600 directories...
  Processed 700 directories...
  Processed 800 directories...
  Processed 900 directories...
  Processed 1000 directories...
  Processed 1100 directories...
  Processed 1200 directories...
  Processed 1300 directories...
  Processed 1400 directories...
  Processed 1500 directories...
  Processed 1600 directories...
  Processed 1700 directories...
  Processed 1800 directories...
  Processed 1900 directories...
  Processed 2000 directories...
  Processed 2100 directories...
  Processed 2200 directories...
  Processed 2300 directories...
  Processed 2400 directories...
  Processed 2500 directories...
  Processed 2600 directories...
  Processed 2700 directories...
  Processed 2800 directories...
  Processed 2900 directories...
  Processed 3000 directories...
  Processed 3100 directories...
  Processed 3200 directories...
  Processed 3300 directories...
  Processed 3400 directories...
  Processed 3500 directories...
  Processed 3600 directories...
  Processed 3700 directories...
  Processed 3800 directories...
  Processed 3900 directories...
  Processed 4000 directories...
  Processed 4100 directories...
  Processed 4200 directories...
  Processed 4300 directories...
Found 1636 histogram directories with log/jobSH files

Total files to process: 274,876
Warning: Could not get quota info: invalid literal for int() with base 10: 'grace'
================================================================================
Cleanup Mode: DRY-RUN (no deletions)
================================================================================
Found 1636 histogram directories with log/jobSH files
Log file: cleanup_logs_jobsh_20251127_133731.txt
================================================================================
  Processed 100/1636 directories...
  Processed 200/1636 directories...
  Processed 300/1636 directories...
  Processed 400/1636 directories...
  Processed 500/1636 directories...
  Processed 600/1636 directories...
  Processed 700/1636 directories...
  Processed 800/1636 directories...
  Processed 900/1636 directories...
  Processed 1000/1636 directories...
  Processed 1100/1636 directories...
  Processed 1200/1636 directories...
  Processed 1300/1636 directories...
  Processed 1400/1636 directories...
  Processed 1500/1636 directories...
  Processed 1600/1636 directories...
Warning: Could not get quota info: invalid literal for int() with base 10: 'grace'

================================================================================
Cleanup Summary
================================================================================
Directories cleaned: 1636
Total files would be freed: 273,241
  log/ files:   191,055 (zipped, not deleted)
  jobSH/ files: 82,186 (deleted)

Log written to: cleanup_logs_jobsh_20251127_133731.txt
================================================================================
