Starting survey of log/ and jobSH/ directories...
Surveying /publicfs/cms/user/huahuil/tauOfTTTT_NanoAOD/forMVA for log/ and jobSH/ directories...
This may take 5-10 minutes...
  Processed 100 directories...
  Processed 200 directories...
  Processed 300 directories...
  Processed 400 directories...
  Processed 500 directories...
  Processed 600 directories...
  Processed 700 directories...
  Processed 800 directories...
  Processed 900 directories...
  Processed 1000 directories...
  Processed 1100 directories...
  Processed 1200 directories...
  Processed 1300 directories...
  Processed 1400 directories...
  Processed 1500 directories...
  Processed 1600 directories...
  Processed 1700 directories...
  Processed 1800 directories...
  Processed 1900 directories...
  Processed 2000 directories...
  Processed 2100 directories...
  Processed 2200 directories...
  Processed 2300 directories...
  Processed 2400 directories...
  Processed 2500 directories...
  Processed 2600 directories...
  Processed 2700 directories...
  Processed 2800 directories...
  Processed 2900 directories...
  Processed 3000 directories...
  Processed 3100 directories...
  Processed 3200 directories...
  Processed 3300 directories...
  Processed 3400 directories...
  Processed 3500 directories...
  Processed 3600 directories...
  Processed 3700 directories...
  Processed 3800 directories...
  Processed 3900 directories...
  Processed 4000 directories...
  Processed 4100 directories...
  Processed 4200 directories...
  Processed 4300 directories...
Found 1636 histogram directories with log/jobSH files

Total files to DELETE: 274,876

!!!!!!!!!!!!!!!!!!!!!!!!!!!!!!!!!!!!!!!!!!!!!!!!!!!!!!!!!!!!!!!!!!!!!!!!!!!!!!!!
WARNING: You are about to cleanup log/ and jobSH/ directories!
!!!!!!!!!!!!!!!!!!!!!!!!!!!!!!!!!!!!!!!!!!!!!!!!!!!!!!!!!!!!!!!!!!!!!!!!!!!!!!!!

Actions:
  - log/:   Will be ZIPPED (preserved for debugging, space freed)
  - jobSH/: Will be DELETED (can be regenerated)

This action cannot be undone!

Type 'yes' to confirm: 