sum pro ['fakeTau', 'tt', 'ttZ', 'ttW', 'ttH', 'singleTop', 'WJets', 'tttt', 'jetHT']
['fakeTau', 'tt', 'ttZ', 'ttW', 'ttH', 'singleTop', 'WJets', 'tttt']
{'CMS_pileup': ['shape', {'fakeTau': 0, 'tt': 1, 'ttZ': 1, 'ttW': 1, 'ttH': 1, 'singleTop': 1, 'WJets': 1, 'tttt': 1}], 'CMS_TOP24017_eff_trigger_stats_2018': ['shape', {'fakeTau': 0, 'tt': 1, 'ttZ': 1, 'ttW': 1, 'ttH': 1, 'singleTop': 1, 'WJets': 1, 'tttt': 1}], 'CMS_TOP24017_ttttSS_eff_trigger_2018': ['shape', {'fakeTau': 0, 'tt': 0, 'ttZ': 0, 'ttW': 0, 'ttH': 0, 'singleTop': 0, 'WJets': 0, 'tttt': 0}], 'CMS_fake_t_DeepTau2017v2p1_VSmu': ['shape', {'fakeTau': 0, 'tt': 1, 'ttZ': 1, 'ttW': 1, 'ttH': 1, 'singleTop': 1, 'WJets': 1, 'tttt': 1}], 'CMS_fake_t_DeepTau2017v2p1_VSe': ['shape', {'fakeTau': 0, 'tt': 1, 'ttZ': 1, 'ttW': 1, 'ttH': 1, 'singleTop': 1, 'WJets': 1, 'tttt': 1}], 'CMS_eff_t_DeepTau2017v2p1_VSjet_2018': ['shape', {'fakeTau': 0, 'tt': 1, 'ttZ': 1, 'ttW': 1, 'ttH': 1, 'singleTop': 1, 'WJets': 1, 'tttt': 1}], 'CMS_eff_t_DeepTau2017v2p1_VSjet_dm_stat1_DM0_2018': ['shape', {'fakeTau': 0, 'tt': 1, 'ttZ': 1, 'ttW': 1, 'ttH': 1, 'singleTop': 1, 'WJets': 1, 'tttt': 1}], 'CMS_eff_t_DeepTau2017v2p1_VSjet_dm_stat1_DM1_2018': ['shape', {'fakeTau': 0, 'tt': 1, 'ttZ': 1, 'ttW': 1, 'ttH': 1, 'singleTop': 1, 'WJets': 1, 'tttt': 1}], 'CMS_eff_t_DeepTau2017v2p1_VSjet_dm_stat1_DM10_2018': ['shape', {'fakeTau': 0, 'tt': 1, 'ttZ': 1, 'ttW': 1, 'ttH': 1, 'singleTop': 1, 'WJets': 1, 'tttt': 1}], 'CMS_eff_t_DeepTau2017v2p1_VSjet_dm_stat1_DM11_2018': ['shape', {'fakeTau': 0, 'tt': 1, 'ttZ': 1, 'ttW': 1, 'ttH': 1, 'singleTop': 1, 'WJets': 1, 'tttt': 1}], 'CMS_eff_t_DeepTau2017v2p1_VSjet_dm_stat2_DM0_2018': ['shape', {'fakeTau': 0, 'tt': 1, 'ttZ': 1, 'ttW': 1, 'ttH': 1, 'singleTop': 1, 'WJets': 1, 'tttt': 1}], 'CMS_eff_t_DeepTau2017v2p1_VSjet_dm_stat2_DM1_2018': ['shape', {'fakeTau': 0, 'tt': 1, 'ttZ': 1, 'ttW': 1, 'ttH': 1, 'singleTop': 1, 'WJets': 1, 'tttt': 1}], 'CMS_eff_t_DeepTau2017v2p1_VSjet_dm_stat2_DM10_2018': ['shape', {'fakeTau': 0, 'tt': 1, 'ttZ': 1, 'ttW': 1, 'ttH': 1, 'singleTop': 1, 'WJets': 1, 'tttt': 1}], 'CMS_eff_t_DeepTau2017v2p1_VSjet_dm_stat2_DM11_2018': ['shape', {'fakeTau': 0, 'tt': 1, 'ttZ': 1, 'ttW': 1, 'ttH': 1, 'singleTop': 1, 'WJets': 1, 'tttt': 1}], 'CMS_eff_t_DeepTau2017v2p1_VSjet_dm_syst_alleras': ['shape', {'fakeTau': 0, 'tt': 1, 'ttZ': 1, 'ttW': 1, 'ttH': 1, 'singleTop': 1, 'WJets': 1, 'tttt': 1}], 'CMS_eff_t_DeepTau2017v2p1_VSjet_dm_syst_2018': ['shape', {'fakeTau': 0, 'tt': 1, 'ttZ': 1, 'ttW': 1, 'ttH': 1, 'singleTop': 1, 'WJets': 1, 'tttt': 1}], 'CMS_eff_t_DeepTau2017v2p1_VSjet_dm_syst_DM0_2018': ['shape', {'fakeTau': 0, 'tt': 1, 'ttZ': 1, 'ttW': 1, 'ttH': 1, 'singleTop': 1, 'WJets': 1, 'tttt': 1}], 'CMS_eff_t_DeepTau2017v2p1_VSjet_dm_syst_DM1_2018': ['shape', {'fakeTau': 0, 'tt': 1, 'ttZ': 1, 'ttW': 1, 'ttH': 1, 'singleTop': 1, 'WJets': 1, 'tttt': 1}], 'CMS_eff_t_DeepTau2017v2p1_VSjet_dm_syst_DM10_2018': ['shape', {'fakeTau': 0, 'tt': 1, 'ttZ': 1, 'ttW': 1, 'ttH': 1, 'singleTop': 1, 'WJets': 1, 'tttt': 1}], 'CMS_eff_t_DeepTau2017v2p1_VSjet_dm_syst_DM11_2018': ['shape', {'fakeTau': 0, 'tt': 1, 'ttZ': 1, 'ttW': 1, 'ttH': 1, 'singleTop': 1, 'WJets': 1, 'tttt': 1}], 'CMS_TOP24017_ttttSS_eff_e_syst': ['shape', {'fakeTau': 0, 'tt': 0, 'ttZ': 0, 'ttW': 0, 'ttH': 0, 'singleTop': 0, 'WJets': 0, 'tttt': 0}], 'CMS_TOP24017_ttttSS_eff_m_syst': ['shape', {'fakeTau': 0, 'tt': 0, 'ttZ': 0, 'ttW': 0, 'ttH': 0, 'singleTop': 0, 'WJets': 0, 'tttt': 0}], 'CMS_TOP24017_ttttSS_eff_e_stat_2018': ['shape', {'fakeTau': 0, 'tt': 0, 'ttZ': 0, 'ttW': 0, 'ttH': 0, 'singleTop': 0, 'WJets': 0, 'tttt': 0}], 'CMS_TOP24017_ttttSS_eff_m_stat_2018': ['shape', {'fakeTau': 0, 'tt': 0, 'ttZ': 0, 'ttW': 0, 'ttH': 0, 'singleTop': 0, 'WJets': 0, 'tttt': 0}], 'CMS_eff_e_reco_2018': ['shape', {'fakeTau': 0, 'tt': 0, 'ttZ': 0, 'ttW': 0, 'ttH': 0, 'singleTop': 0, 'WJets': 0, 'tttt': 0}], 'CMS_btag_fixedWP_comb_bc_correlated': ['shape', {'fakeTau': 0, 'tt': 0, 'ttZ': 0, 'ttW': 0, 'ttH': 0, 'singleTop': 0, 'WJets': 0, 'tttt': 0}], 'CMS_btag_fixedWP_comb_bc_uncorrelated_2018': ['shape', {'fakeTau': 0, 'tt': 0, 'ttZ': 0, 'ttW': 0, 'ttH': 0, 'singleTop': 0, 'WJets': 0, 'tttt': 0}], 'CMS_btag_fixedWP_incl_light_correlated': ['shape', {'fakeTau': 0, 'tt': 0, 'ttZ': 0, 'ttW': 0, 'ttH': 0, 'singleTop': 0, 'WJets': 0, 'tttt': 0}], 'CMS_btag_fixedWP_incl_light_uncorrelated_2018': ['shape', {'fakeTau': 0, 'tt': 0, 'ttZ': 0, 'ttW': 0, 'ttH': 0, 'singleTop': 0, 'WJets': 0, 'tttt': 0}], 'CMS_btag_fullShape_hf': ['shape', {'fakeTau': 0, 'tt': 1, 'ttZ': 1, 'ttW': 1, 'ttH': 1, 'singleTop': 1, 'WJets': 1, 'tttt': 1}], 'CMS_btag_fullShape_lf': ['shape', {'fakeTau': 0, 'tt': 1, 'ttZ': 1, 'ttW': 1, 'ttH': 1, 'singleTop': 1, 'WJets': 1, 'tttt': 1}], 'CMS_btag_fullShape_cferr1': ['shape', {'fakeTau': 0, 'tt': 1, 'ttZ': 1, 'ttW': 1, 'ttH': 1, 'singleTop': 1, 'WJets': 1, 'tttt': 1}], 'CMS_btag_fullShape_cferr2': ['shape', {'fakeTau': 0, 'tt': 1, 'ttZ': 1, 'ttW': 1, 'ttH': 1, 'singleTop': 1, 'WJets': 1, 'tttt': 1}], 'CMS_btag_fullShape_hfstats1_2018': ['shape', {'fakeTau': 0, 'tt': 1, 'ttZ': 1, 'ttW': 1, 'ttH': 1, 'singleTop': 1, 'WJets': 1, 'tttt': 1}], 'CMS_btag_fullShape_hfstats2_2018': ['shape', {'fakeTau': 0, 'tt': 1, 'ttZ': 1, 'ttW': 1, 'ttH': 1, 'singleTop': 1, 'WJets': 1, 'tttt': 1}], 'CMS_btag_fullShape_lfstats1_2018': ['shape', {'fakeTau': 0, 'tt': 1, 'ttZ': 1, 'ttW': 1, 'ttH': 1, 'singleTop': 1, 'WJets': 1, 'tttt': 1}], 'CMS_btag_fullShape_lfstats2_2018': ['shape', {'fakeTau': 0, 'tt': 1, 'ttZ': 1, 'ttW': 1, 'ttH': 1, 'singleTop': 1, 'WJets': 1, 'tttt': 1}], 'CMS_fake_t_2018': ['shape', {'fakeTau': 1, 'tt': 0, 'ttZ': 0, 'ttW': 0, 'ttH': 0, 'singleTop': 0, 'WJets': 0, 'tttt': 0}], 'CMS_TOP24017_fake_t_MC': ['shape', {'fakeTau': 0, 'tt': 0, 'ttZ': 0, 'ttW': 0, 'ttH': 0, 'singleTop': 0, 'WJets': 0, 'tttt': 0}], 'pdf_alphas': ['shape', {'fakeTau': 0, 'tt': 1, 'ttZ': 1, 'ttW': 1, 'ttH': 1, 'singleTop': 0, 'WJets': 1, 'tttt': 1}], 'pdf_00': ['shape', {'fakeTau': 0, 'tt': 1, 'ttZ': 1, 'ttW': 1, 'ttH': 1, 'singleTop': 1, 'WJets': 1, 'tttt': 1}], 'QCDscale_ren_tt': ['shape', {'fakeTau': 0, 'tt': 1, 'ttZ': 0, 'ttW': 0, 'ttH': 0, 'singleTop': 0, 'WJets': 0, 'tttt': 0}], 'QCDscale_ren_ttZ': ['shape', {'fakeTau': 0, 'tt': 0, 'ttZ': 1, 'ttW': 0, 'ttH': 0, 'singleTop': 0, 'WJets': 0, 'tttt': 0}], 'QCDscale_ren_ttW': ['shape', {'fakeTau': 0, 'tt': 0, 'ttZ': 0, 'ttW': 1, 'ttH': 0, 'singleTop': 0, 'WJets': 0, 'tttt': 0}], 'QCDscale_ren_ttH': ['shape', {'fakeTau': 0, 'tt': 0, 'ttZ': 0, 'ttW': 0, 'ttH': 1, 'singleTop': 0, 'WJets': 0, 'tttt': 0}], 'QCDscale_ren_singleTop': ['shape', {'fakeTau': 0, 'tt': 0, 'ttZ': 0, 'ttW': 0, 'ttH': 0, 'singleTop': 1, 'WJets': 0, 'tttt': 0}], 'QCDscale_ren_WJets': ['shape', {'fakeTau': 0, 'tt': 0, 'ttZ': 0, 'ttW': 0, 'ttH': 0, 'singleTop': 0, 'WJets': 1, 'tttt': 0}], 'QCDscale_ren_tttt': ['shape', {'fakeTau': 0, 'tt': 0, 'ttZ': 0, 'ttW': 0, 'ttH': 0, 'singleTop': 0, 'WJets': 0, 'tttt': 1}], 'QCDscale_fac_tt': ['shape', {'fakeTau': 0, 'tt': 1, 'ttZ': 0, 'ttW': 0, 'ttH': 0, 'singleTop': 0, 'WJets': 0, 'tttt': 0}], 'QCDscale_fac_ttZ': ['shape', {'fakeTau': 0, 'tt': 0, 'ttZ': 1, 'ttW': 0, 'ttH': 0, 'singleTop': 0, 'WJets': 0, 'tttt': 0}], 'QCDscale_fac_ttW': ['shape', {'fakeTau': 0, 'tt': 0, 'ttZ': 0, 'ttW': 1, 'ttH': 0, 'singleTop': 0, 'WJets': 0, 'tttt': 0}], 'QCDscale_fac_ttH': ['shape', {'fakeTau': 0, 'tt': 0, 'ttZ': 0, 'ttW': 0, 'ttH': 1, 'singleTop': 0, 'WJets': 0, 'tttt': 0}], 'QCDscale_fac_singleTop': ['shape', {'fakeTau': 0, 'tt': 0, 'ttZ': 0, 'ttW': 0, 'ttH': 0, 'singleTop': 1, 'WJets': 0, 'tttt': 0}], 'QCDscale_fac_WJets': ['shape', {'fakeTau': 0, 'tt': 0, 'ttZ': 0, 'ttW': 0, 'ttH': 0, 'singleTop': 0, 'WJets': 1, 'tttt': 0}], 'QCDscale_fac_tttt': ['shape', {'fakeTau': 0, 'tt': 0, 'ttZ': 0, 'ttW': 0, 'ttH': 0, 'singleTop': 0, 'WJets': 0, 'tttt': 1}], 'ps_isr_tt': ['shape', {'fakeTau': 0, 'tt': 1, 'ttZ': 0, 'ttW': 0, 'ttH': 0, 'singleTop': 0, 'WJets': 0, 'tttt': 0}], 'ps_isr_ttZ': ['shape', {'fakeTau': 0, 'tt': 0, 'ttZ': 1, 'ttW': 0, 'ttH': 0, 'singleTop': 0, 'WJets': 0, 'tttt': 0}], 'ps_isr_ttW': ['shape', {'fakeTau': 0, 'tt': 0, 'ttZ': 0, 'ttW': 1, 'ttH': 0, 'singleTop': 0, 'WJets': 0, 'tttt': 0}], 'ps_isr_ttH': ['shape', {'fakeTau': 0, 'tt': 0, 'ttZ': 0, 'ttW': 0, 'ttH': 1, 'singleTop': 0, 'WJets': 0, 'tttt': 0}], 'ps_isr_singleTop': ['shape', {'fakeTau': 0, 'tt': 0, 'ttZ': 0, 'ttW': 0, 'ttH': 0, 'singleTop': 1, 'WJets': 0, 'tttt': 0}], 'ps_isr_WJets': ['shape', {'fakeTau': 0, 'tt': 0, 'ttZ': 0, 'ttW': 0, 'ttH': 0, 'singleTop': 0, 'WJets': 1, 'tttt': 0}], 'ps_isr_tttt': ['shape', {'fakeTau': 0, 'tt': 0, 'ttZ': 0, 'ttW': 0, 'ttH': 0, 'singleTop': 0, 'WJets': 0, 'tttt': 1}], 'ps_fsr': ['shape', {'fakeTau': 0, 'tt': 1, 'ttZ': 1, 'ttW': 1, 'ttH': 1, 'singleTop': 1, 'WJets': 1, 'tttt': 1}], 'CMS_scale_j_AbsoluteMPFBias': ['shape', {'fakeTau': 0, 'tt': 1, 'ttZ': 1, 'ttW': 1, 'ttH': 1, 'singleTop': 1, 'WJets': 1, 'tttt': 1}], 'CMS_scale_j_AbsoluteScale': ['shape', {'fakeTau': 0, 'tt': 1, 'ttZ': 1, 'ttW': 1, 'ttH': 1, 'singleTop': 1, 'WJets': 1, 'tttt': 1}], 'CMS_scale_j_AbsoluteStat_2018': ['shape', {'fakeTau': 0, 'tt': 1, 'ttZ': 1, 'ttW': 1, 'ttH': 1, 'singleTop': 1, 'WJets': 1, 'tttt': 1}], 'CMS_scale_j_Fragmentation': ['shape', {'fakeTau': 0, 'tt': 1, 'ttZ': 1, 'ttW': 1, 'ttH': 1, 'singleTop': 1, 'WJets': 1, 'tttt': 1}], 'CMS_scale_j_PileUpDataMC': ['shape', {'fakeTau': 0, 'tt': 1, 'ttZ': 1, 'ttW': 1, 'ttH': 1, 'singleTop': 1, 'WJets': 1, 'tttt': 1}], 'CMS_scale_j_PileUpPtBB': ['shape', {'fakeTau': 0, 'tt': 1, 'ttZ': 1, 'ttW': 1, 'ttH': 1, 'singleTop': 1, 'WJets': 1, 'tttt': 1}], 'CMS_scale_j_PileUpPtEC1': ['shape', {'fakeTau': 0, 'tt': 1, 'ttZ': 1, 'ttW': 1, 'ttH': 1, 'singleTop': 1, 'WJets': 1, 'tttt': 1}], 'CMS_scale_j_PileUpPtEC2': ['shape', {'fakeTau': 0, 'tt': 1, 'ttZ': 1, 'ttW': 1, 'ttH': 1, 'singleTop': 1, 'WJets': 1, 'tttt': 1}], 'CMS_scale_j_PileUpPtHF': ['shape', {'fakeTau': 0, 'tt': 1, 'ttZ': 1, 'ttW': 1, 'ttH': 1, 'singleTop': 1, 'WJets': 1, 'tttt': 1}], 'CMS_scale_j_PileUpPtRef': ['shape', {'fakeTau': 0, 'tt': 1, 'ttZ': 1, 'ttW': 1, 'ttH': 1, 'singleTop': 1, 'WJets': 1, 'tttt': 1}], 'CMS_scale_j_RelativeFSR': ['shape', {'fakeTau': 0, 'tt': 1, 'ttZ': 1, 'ttW': 1, 'ttH': 1, 'singleTop': 1, 'WJets': 1, 'tttt': 1}], 'CMS_scale_j_RelativeJEREC1_2018': ['shape', {'fakeTau': 0, 'tt': 1, 'ttZ': 1, 'ttW': 1, 'ttH': 1, 'singleTop': 1, 'WJets': 1, 'tttt': 1}], 'CMS_scale_j_RelativeJEREC2_2018': ['shape', {'fakeTau': 0, 'tt': 1, 'ttZ': 1, 'ttW': 1, 'ttH': 1, 'singleTop': 1, 'WJets': 1, 'tttt': 1}], 'CMS_scale_j_RelativeJERHF': ['shape', {'fakeTau': 0, 'tt': 1, 'ttZ': 1, 'ttW': 1, 'ttH': 1, 'singleTop': 1, 'WJets': 1, 'tttt': 1}], 'CMS_scale_j_RelativePtBB': ['shape', {'fakeTau': 0, 'tt': 1, 'ttZ': 1, 'ttW': 1, 'ttH': 1, 'singleTop': 1, 'WJets': 1, 'tttt': 1}], 'CMS_scale_j_RelativePtEC1_2018': ['shape', {'fakeTau': 0, 'tt': 1, 'ttZ': 1, 'ttW': 1, 'ttH': 1, 'singleTop': 1, 'WJets': 1, 'tttt': 1}], 'CMS_scale_j_RelativePtEC2_2018': ['shape', {'fakeTau': 0, 'tt': 1, 'ttZ': 1, 'ttW': 1, 'ttH': 1, 'singleTop': 1, 'WJets': 1, 'tttt': 1}], 'CMS_scale_j_RelativePtHF': ['shape', {'fakeTau': 0, 'tt': 1, 'ttZ': 1, 'ttW': 1, 'ttH': 1, 'singleTop': 1, 'WJets': 1, 'tttt': 1}], 'CMS_scale_j_RelativeBal': ['shape', {'fakeTau': 0, 'tt': 1, 'ttZ': 1, 'ttW': 1, 'ttH': 1, 'singleTop': 1, 'WJets': 1, 'tttt': 1}], 'CMS_scale_j_RelativeSample_2018': ['shape', {'fakeTau': 0, 'tt': 1, 'ttZ': 1, 'ttW': 1, 'ttH': 1, 'singleTop': 1, 'WJets': 1, 'tttt': 1}], 'CMS_scale_j_RelativeStatEC_2018': ['shape', {'fakeTau': 0, 'tt': 1, 'ttZ': 1, 'ttW': 1, 'ttH': 1, 'singleTop': 1, 'WJets': 1, 'tttt': 1}], 'CMS_scale_j_RelativeStatFSR_2018': ['shape', {'fakeTau': 0, 'tt': 1, 'ttZ': 1, 'ttW': 1, 'ttH': 1, 'singleTop': 1, 'WJets': 1, 'tttt': 1}], 'CMS_scale_j_RelativeStatHF_2018': ['shape', {'fakeTau': 0, 'tt': 1, 'ttZ': 1, 'ttW': 1, 'ttH': 1, 'singleTop': 1, 'WJets': 1, 'tttt': 1}], 'CMS_scale_j_SinglePionECAL': ['shape', {'fakeTau': 0, 'tt': 1, 'ttZ': 1, 'ttW': 1, 'ttH': 1, 'singleTop': 1, 'WJets': 1, 'tttt': 1}], 'CMS_scale_j_SinglePionHCAL': ['shape', {'fakeTau': 0, 'tt': 1, 'ttZ': 1, 'ttW': 1, 'ttH': 1, 'singleTop': 1, 'WJets': 1, 'tttt': 1}], 'CMS_scale_j_TimePtEta_2018': ['shape', {'fakeTau': 0, 'tt': 1, 'ttZ': 1, 'ttW': 1, 'ttH': 1, 'singleTop': 1, 'WJets': 1, 'tttt': 1}], 'CMS_scale_j_FlavorPureGluon': ['shape', {'fakeTau': 0, 'tt': 1, 'ttZ': 1, 'ttW': 1, 'ttH': 1, 'singleTop': 1, 'WJets': 1, 'tttt': 1}], 'CMS_scale_j_FlavorPureQuark': ['shape', {'fakeTau': 0, 'tt': 1, 'ttZ': 1, 'ttW': 1, 'ttH': 1, 'singleTop': 1, 'WJets': 1, 'tttt': 1}], 'CMS_scale_j_FlavorPureCharm': ['shape', {'fakeTau': 0, 'tt': 1, 'ttZ': 1, 'ttW': 1, 'ttH': 1, 'singleTop': 1, 'WJets': 1, 'tttt': 1}], 'CMS_scale_j_FlavorPureBottom': ['shape', {'fakeTau': 0, 'tt': 1, 'ttZ': 1, 'ttW': 1, 'ttH': 1, 'singleTop': 1, 'WJets': 1, 'tttt': 1}], 'CMS_res_j_2018': ['shape', {'fakeTau': 0, 'tt': 1, 'ttZ': 1, 'ttW': 1, 'ttH': 1, 'singleTop': 1, 'WJets': 1, 'tttt': 1}], 'CMS_scale_t_DeepTau2017v2p1_DM0_genTau_2018': ['shape', {'fakeTau': 0, 'tt': 1, 'ttZ': 1, 'ttW': 1, 'ttH': 1, 'singleTop': 1, 'WJets': 1, 'tttt': 1}], 'CMS_scale_t_DeepTau2017v2p1_DM1_genTau_2018': ['shape', {'fakeTau': 0, 'tt': 1, 'ttZ': 1, 'ttW': 1, 'ttH': 1, 'singleTop': 1, 'WJets': 1, 'tttt': 1}], 'CMS_scale_t_DeepTau2017v2p1_DM10_genTau_2018': ['shape', {'fakeTau': 0, 'tt': 1, 'ttZ': 1, 'ttW': 1, 'ttH': 1, 'singleTop': 1, 'WJets': 1, 'tttt': 1}], 'CMS_scale_t_DeepTau2017v2p1_DM11_genTau_2018': ['shape', {'fakeTau': 0, 'tt': 1, 'ttZ': 1, 'ttW': 1, 'ttH': 1, 'singleTop': 1, 'WJets': 1, 'tttt': 1}], 'CMS_scale_met_unclustered_energy_2018': ['shape', {'fakeTau': 0, 'tt': 1, 'ttZ': 1, 'ttW': 1, 'ttH': 1, 'singleTop': 1, 'WJets': 1, 'tttt': 1}], 'CMS_scale_e_2018': ['shape', {'fakeTau': 0, 'tt': 0, 'ttZ': 0, 'ttW': 0, 'ttH': 0, 'singleTop': 0, 'WJets': 0, 'tttt': 0}]} 

CMS_pileup ['shape', {'fakeTau': 0, 'tt': 1, 'ttZ': 1, 'ttW': 1, 'ttH': 1, 'singleTop': 1, 'WJets': 1, 'tttt': 1}]
CMS_TOP24017_eff_trigger_stats_2018 ['shape', {'fakeTau': 0, 'tt': 1, 'ttZ': 1, 'ttW': 1, 'ttH': 1, 'singleTop': 1, 'WJets': 1, 'tttt': 1}]
CMS_TOP24017_ttttSS_eff_trigger_2018 ['shape', {'fakeTau': 0, 'tt': 0, 'ttZ': 0, 'ttW': 0, 'ttH': 0, 'singleTop': 0, 'WJets': 0, 'tttt': 0}]
CMS_fake_t_DeepTau2017v2p1_VSmu ['shape', {'fakeTau': 0, 'tt': 1, 'ttZ': 1, 'ttW': 1, 'ttH': 1, 'singleTop': 1, 'WJets': 1, 'tttt': 1}]
CMS_fake_t_DeepTau2017v2p1_VSe ['shape', {'fakeTau': 0, 'tt': 1, 'ttZ': 1, 'ttW': 1, 'ttH': 1, 'singleTop': 1, 'WJets': 1, 'tttt': 1}]
CMS_eff_t_DeepTau2017v2p1_VSjet_2018 ['shape', {'fakeTau': 0, 'tt': 1, 'ttZ': 1, 'ttW': 1, 'ttH': 1, 'singleTop': 1, 'WJets': 1, 'tttt': 1}]
CMS_eff_t_DeepTau2017v2p1_VSjet_dm_stat1_DM0_2018 ['shape', {'fakeTau': 0, 'tt': 1, 'ttZ': 1, 'ttW': 1, 'ttH': 1, 'singleTop': 1, 'WJets': 1, 'tttt': 1}]
CMS_eff_t_DeepTau2017v2p1_VSjet_dm_stat1_DM1_2018 ['shape', {'fakeTau': 0, 'tt': 1, 'ttZ': 1, 'ttW': 1, 'ttH': 1, 'singleTop': 1, 'WJets': 1, 'tttt': 1}]
CMS_eff_t_DeepTau2017v2p1_VSjet_dm_stat1_DM10_2018 ['shape', {'fakeTau': 0, 'tt': 1, 'ttZ': 1, 'ttW': 1, 'ttH': 1, 'singleTop': 1, 'WJets': 1, 'tttt': 1}]
CMS_eff_t_DeepTau2017v2p1_VSjet_dm_stat1_DM11_2018 ['shape', {'fakeTau': 0, 'tt': 1, 'ttZ': 1, 'ttW': 1, 'ttH': 1, 'singleTop': 1, 'WJets': 1, 'tttt': 1}]
CMS_eff_t_DeepTau2017v2p1_VSjet_dm_stat2_DM0_2018 ['shape', {'fakeTau': 0, 'tt': 1, 'ttZ': 1, 'ttW': 1, 'ttH': 1, 'singleTop': 1, 'WJets': 1, 'tttt': 1}]
CMS_eff_t_DeepTau2017v2p1_VSjet_dm_stat2_DM1_2018 ['shape', {'fakeTau': 0, 'tt': 1, 'ttZ': 1, 'ttW': 1, 'ttH': 1, 'singleTop': 1, 'WJets': 1, 'tttt': 1}]
CMS_eff_t_DeepTau2017v2p1_VSjet_dm_stat2_DM10_2018 ['shape', {'fakeTau': 0, 'tt': 1, 'ttZ': 1, 'ttW': 1, 'ttH': 1, 'singleTop': 1, 'WJets': 1, 'tttt': 1}]
CMS_eff_t_DeepTau2017v2p1_VSjet_dm_stat2_DM11_2018 ['shape', {'fakeTau': 0, 'tt': 1, 'ttZ': 1, 'ttW': 1, 'ttH': 1, 'singleTop': 1, 'WJets': 1, 'tttt': 1}]
CMS_eff_t_DeepTau2017v2p1_VSjet_dm_syst_alleras ['shape', {'fakeTau': 0, 'tt': 1, 'ttZ': 1, 'ttW': 1, 'ttH': 1, 'singleTop': 1, 'WJets': 1, 'tttt': 1}]
CMS_eff_t_DeepTau2017v2p1_VSjet_dm_syst_2018 ['shape', {'fakeTau': 0, 'tt': 1, 'ttZ': 1, 'ttW': 1, 'ttH': 1, 'singleTop': 1, 'WJets': 1, 'tttt': 1}]
CMS_eff_t_DeepTau2017v2p1_VSjet_dm_syst_DM0_2018 ['shape', {'fakeTau': 0, 'tt': 1, 'ttZ': 1, 'ttW': 1, 'ttH': 1, 'singleTop': 1, 'WJets': 1, 'tttt': 1}]
CMS_eff_t_DeepTau2017v2p1_VSjet_dm_syst_DM1_2018 ['shape', {'fakeTau': 0, 'tt': 1, 'ttZ': 1, 'ttW': 1, 'ttH': 1, 'singleTop': 1, 'WJets': 1, 'tttt': 1}]
CMS_eff_t_DeepTau2017v2p1_VSjet_dm_syst_DM10_2018 ['shape', {'fakeTau': 0, 'tt': 1, 'ttZ': 1, 'ttW': 1, 'ttH': 1, 'singleTop': 1, 'WJets': 1, 'tttt': 1}]
CMS_eff_t_DeepTau2017v2p1_VSjet_dm_syst_DM11_2018 ['shape', {'fakeTau': 0, 'tt': 1, 'ttZ': 1, 'ttW': 1, 'ttH': 1, 'singleTop': 1, 'WJets': 1, 'tttt': 1}]
CMS_TOP24017_ttttSS_eff_e_syst ['shape', {'fakeTau': 0, 'tt': 0, 'ttZ': 0, 'ttW': 0, 'ttH': 0, 'singleTop': 0, 'WJets': 0, 'tttt': 0}]
CMS_TOP24017_ttttSS_eff_m_syst ['shape', {'fakeTau': 0, 'tt': 0, 'ttZ': 0, 'ttW': 0, 'ttH': 0, 'singleTop': 0, 'WJets': 0, 'tttt': 0}]
CMS_TOP24017_ttttSS_eff_e_stat_2018 ['shape', {'fakeTau': 0, 'tt': 0, 'ttZ': 0, 'ttW': 0, 'ttH': 0, 'singleTop': 0, 'WJets': 0, 'tttt': 0}]
CMS_TOP24017_ttttSS_eff_m_stat_2018 ['shape', {'fakeTau': 0, 'tt': 0, 'ttZ': 0, 'ttW': 0, 'ttH': 0, 'singleTop': 0, 'WJets': 0, 'tttt': 0}]
CMS_eff_e_reco_2018 ['shape', {'fakeTau': 0, 'tt': 0, 'ttZ': 0, 'ttW': 0, 'ttH': 0, 'singleTop': 0, 'WJets': 0, 'tttt': 0}]
CMS_btag_fixedWP_comb_bc_correlated ['shape', {'fakeTau': 0, 'tt': 0, 'ttZ': 0, 'ttW': 0, 'ttH': 0, 'singleTop': 0, 'WJets': 0, 'tttt': 0}]
CMS_btag_fixedWP_comb_bc_uncorrelated_2018 ['shape', {'fakeTau': 0, 'tt': 0, 'ttZ': 0, 'ttW': 0, 'ttH': 0, 'singleTop': 0, 'WJets': 0, 'tttt': 0}]
CMS_btag_fixedWP_incl_light_correlated ['shape', {'fakeTau': 0, 'tt': 0, 'ttZ': 0, 'ttW': 0, 'ttH': 0, 'singleTop': 0, 'WJets': 0, 'tttt': 0}]
CMS_btag_fixedWP_incl_light_uncorrelated_2018 ['shape', {'fakeTau': 0, 'tt': 0, 'ttZ': 0, 'ttW': 0, 'ttH': 0, 'singleTop': 0, 'WJets': 0, 'tttt': 0}]
CMS_btag_fullShape_hf ['shape', {'fakeTau': 0, 'tt': 1, 'ttZ': 1, 'ttW': 1, 'ttH': 1, 'singleTop': 1, 'WJets': 1, 'tttt': 1}]
CMS_btag_fullShape_lf ['shape', {'fakeTau': 0, 'tt': 1, 'ttZ': 1, 'ttW': 1, 'ttH': 1, 'singleTop': 1, 'WJets': 1, 'tttt': 1}]
CMS_btag_fullShape_cferr1 ['shape', {'fakeTau': 0, 'tt': 1, 'ttZ': 1, 'ttW': 1, 'ttH': 1, 'singleTop': 1, 'WJets': 1, 'tttt': 1}]
CMS_btag_fullShape_cferr2 ['shape', {'fakeTau': 0, 'tt': 1, 'ttZ': 1, 'ttW': 1, 'ttH': 1, 'singleTop': 1, 'WJets': 1, 'tttt': 1}]
CMS_btag_fullShape_hfstats1_2018 ['shape', {'fakeTau': 0, 'tt': 1, 'ttZ': 1, 'ttW': 1, 'ttH': 1, 'singleTop': 1, 'WJets': 1, 'tttt': 1}]
CMS_btag_fullShape_hfstats2_2018 ['shape', {'fakeTau': 0, 'tt': 1, 'ttZ': 1, 'ttW': 1, 'ttH': 1, 'singleTop': 1, 'WJets': 1, 'tttt': 1}]
CMS_btag_fullShape_lfstats1_2018 ['shape', {'fakeTau': 0, 'tt': 1, 'ttZ': 1, 'ttW': 1, 'ttH': 1, 'singleTop': 1, 'WJets': 1, 'tttt': 1}]
CMS_btag_fullShape_lfstats2_2018 ['shape', {'fakeTau': 0, 'tt': 1, 'ttZ': 1, 'ttW': 1, 'ttH': 1, 'singleTop': 1, 'WJets': 1, 'tttt': 1}]
CMS_fake_t_2018 ['shape', {'fakeTau': 1, 'tt': 0, 'ttZ': 0, 'ttW': 0, 'ttH': 0, 'singleTop': 0, 'WJets': 0, 'tttt': 0}]
CMS_TOP24017_fake_t_MC ['shape', {'fakeTau': 0, 'tt': 0, 'ttZ': 0, 'ttW': 0, 'ttH': 0, 'singleTop': 0, 'WJets': 0, 'tttt': 0}]
pdf_alphas ['shape', {'fakeTau': 0, 'tt': 1, 'ttZ': 1, 'ttW': 1, 'ttH': 1, 'singleTop': 0, 'WJets': 1, 'tttt': 1}]
pdf_00 ['shape', {'fakeTau': 0, 'tt': 1, 'ttZ': 1, 'ttW': 1, 'ttH': 1, 'singleTop': 1, 'WJets': 1, 'tttt': 1}]
QCDscale_ren_tt ['shape', {'fakeTau': 0, 'tt': 1, 'ttZ': 0, 'ttW': 0, 'ttH': 0, 'singleTop': 0, 'WJets': 0, 'tttt': 0}]
QCDscale_ren_ttZ ['shape', {'fakeTau': 0, 'tt': 0, 'ttZ': 1, 'ttW': 0, 'ttH': 0, 'singleTop': 0, 'WJets': 0, 'tttt': 0}]
QCDscale_ren_ttW ['shape', {'fakeTau': 0, 'tt': 0, 'ttZ': 0, 'ttW': 1, 'ttH': 0, 'singleTop': 0, 'WJets': 0, 'tttt': 0}]
QCDscale_ren_ttH ['shape', {'fakeTau': 0, 'tt': 0, 'ttZ': 0, 'ttW': 0, 'ttH': 1, 'singleTop': 0, 'WJets': 0, 'tttt': 0}]
QCDscale_ren_singleTop ['shape', {'fakeTau': 0, 'tt': 0, 'ttZ': 0, 'ttW': 0, 'ttH': 0, 'singleTop': 1, 'WJets': 0, 'tttt': 0}]
QCDscale_ren_WJets ['shape', {'fakeTau': 0, 'tt': 0, 'ttZ': 0, 'ttW': 0, 'ttH': 0, 'singleTop': 0, 'WJets': 1, 'tttt': 0}]
QCDscale_ren_tttt ['shape', {'fakeTau': 0, 'tt': 0, 'ttZ': 0, 'ttW': 0, 'ttH': 0, 'singleTop': 0, 'WJets': 0, 'tttt': 1}]
QCDscale_fac_tt ['shape', {'fakeTau': 0, 'tt': 1, 'ttZ': 0, 'ttW': 0, 'ttH': 0, 'singleTop': 0, 'WJets': 0, 'tttt': 0}]
QCDscale_fac_ttZ ['shape', {'fakeTau': 0, 'tt': 0, 'ttZ': 1, 'ttW': 0, 'ttH': 0, 'singleTop': 0, 'WJets': 0, 'tttt': 0}]
QCDscale_fac_ttW ['shape', {'fakeTau': 0, 'tt': 0, 'ttZ': 0, 'ttW': 1, 'ttH': 0, 'singleTop': 0, 'WJets': 0, 'tttt': 0}]
QCDscale_fac_ttH ['shape', {'fakeTau': 0, 'tt': 0, 'ttZ': 0, 'ttW': 0, 'ttH': 1, 'singleTop': 0, 'WJets': 0, 'tttt': 0}]
QCDscale_fac_singleTop ['shape', {'fakeTau': 0, 'tt': 0, 'ttZ': 0, 'ttW': 0, 'ttH': 0, 'singleTop': 1, 'WJets': 0, 'tttt': 0}]
QCDscale_fac_WJets ['shape', {'fakeTau': 0, 'tt': 0, 'ttZ': 0, 'ttW': 0, 'ttH': 0, 'singleTop': 0, 'WJets': 1, 'tttt': 0}]
QCDscale_fac_tttt ['shape', {'fakeTau': 0, 'tt': 0, 'ttZ': 0, 'ttW': 0, 'ttH': 0, 'singleTop': 0, 'WJets': 0, 'tttt': 1}]
ps_isr_tt ['shape', {'fakeTau': 0, 'tt': 1, 'ttZ': 0, 'ttW': 0, 'ttH': 0, 'singleTop': 0, 'WJets': 0, 'tttt': 0}]
ps_isr_ttZ ['shape', {'fakeTau': 0, 'tt': 0, 'ttZ': 1, 'ttW': 0, 'ttH': 0, 'singleTop': 0, 'WJets': 0, 'tttt': 0}]
ps_isr_ttW ['shape', {'fakeTau': 0, 'tt': 0, 'ttZ': 0, 'ttW': 1, 'ttH': 0, 'singleTop': 0, 'WJets': 0, 'tttt': 0}]
ps_isr_ttH ['shape', {'fakeTau': 0, 'tt': 0, 'ttZ': 0, 'ttW': 0, 'ttH': 1, 'singleTop': 0, 'WJets': 0, 'tttt': 0}]
ps_isr_singleTop ['shape', {'fakeTau': 0, 'tt': 0, 'ttZ': 0, 'ttW': 0, 'ttH': 0, 'singleTop': 1, 'WJets': 0, 'tttt': 0}]
ps_isr_WJets ['shape', {'fakeTau': 0, 'tt': 0, 'ttZ': 0, 'ttW': 0, 'ttH': 0, 'singleTop': 0, 'WJets': 1, 'tttt': 0}]
ps_isr_tttt ['shape', {'fakeTau': 0, 'tt': 0, 'ttZ': 0, 'ttW': 0, 'ttH': 0, 'singleTop': 0, 'WJets': 0, 'tttt': 1}]
ps_fsr ['shape', {'fakeTau': 0, 'tt': 1, 'ttZ': 1, 'ttW': 1, 'ttH': 1, 'singleTop': 1, 'WJets': 1, 'tttt': 1}]
CMS_scale_j_AbsoluteMPFBias ['shape', {'fakeTau': 0, 'tt': 1, 'ttZ': 1, 'ttW': 1, 'ttH': 1, 'singleTop': 1, 'WJets': 1, 'tttt': 1}]
CMS_scale_j_AbsoluteScale ['shape', {'fakeTau': 0, 'tt': 1, 'ttZ': 1, 'ttW': 1, 'ttH': 1, 'singleTop': 1, 'WJets': 1, 'tttt': 1}]
CMS_scale_j_AbsoluteStat_2018 ['shape', {'fakeTau': 0, 'tt': 1, 'ttZ': 1, 'ttW': 1, 'ttH': 1, 'singleTop': 1, 'WJets': 1, 'tttt': 1}]
CMS_scale_j_Fragmentation ['shape', {'fakeTau': 0, 'tt': 1, 'ttZ': 1, 'ttW': 1, 'ttH': 1, 'singleTop': 1, 'WJets': 1, 'tttt': 1}]
CMS_scale_j_PileUpDataMC ['shape', {'fakeTau': 0, 'tt': 1, 'ttZ': 1, 'ttW': 1, 'ttH': 1, 'singleTop': 1, 'WJets': 1, 'tttt': 1}]
CMS_scale_j_PileUpPtBB ['shape', {'fakeTau': 0, 'tt': 1, 'ttZ': 1, 'ttW': 1, 'ttH': 1, 'singleTop': 1, 'WJets': 1, 'tttt': 1}]
CMS_scale_j_PileUpPtEC1 ['shape', {'fakeTau': 0, 'tt': 1, 'ttZ': 1, 'ttW': 1, 'ttH': 1, 'singleTop': 1, 'WJets': 1, 'tttt': 1}]
CMS_scale_j_PileUpPtEC2 ['shape', {'fakeTau': 0, 'tt': 1, 'ttZ': 1, 'ttW': 1, 'ttH': 1, 'singleTop': 1, 'WJets': 1, 'tttt': 1}]
CMS_scale_j_PileUpPtHF ['shape', {'fakeTau': 0, 'tt': 1, 'ttZ': 1, 'ttW': 1, 'ttH': 1, 'singleTop': 1, 'WJets': 1, 'tttt': 1}]
CMS_scale_j_PileUpPtRef ['shape', {'fakeTau': 0, 'tt': 1, 'ttZ': 1, 'ttW': 1, 'ttH': 1, 'singleTop': 1, 'WJets': 1, 'tttt': 1}]
CMS_scale_j_RelativeFSR ['shape', {'fakeTau': 0, 'tt': 1, 'ttZ': 1, 'ttW': 1, 'ttH': 1, 'singleTop': 1, 'WJets': 1, 'tttt': 1}]
CMS_scale_j_RelativeJEREC1_2018 ['shape', {'fakeTau': 0, 'tt': 1, 'ttZ': 1, 'ttW': 1, 'ttH': 1, 'singleTop': 1, 'WJets': 1, 'tttt': 1}]
CMS_scale_j_RelativeJEREC2_2018 ['shape', {'fakeTau': 0, 'tt': 1, 'ttZ': 1, 'ttW': 1, 'ttH': 1, 'singleTop': 1, 'WJets': 1, 'tttt': 1}]
CMS_scale_j_RelativeJERHF ['shape', {'fakeTau': 0, 'tt': 1, 'ttZ': 1, 'ttW': 1, 'ttH': 1, 'singleTop': 1, 'WJets': 1, 'tttt': 1}]
CMS_scale_j_RelativePtBB ['shape', {'fakeTau': 0, 'tt': 1, 'ttZ': 1, 'ttW': 1, 'ttH': 1, 'singleTop': 1, 'WJets': 1, 'tttt': 1}]
CMS_scale_j_RelativePtEC1_2018 ['shape', {'fakeTau': 0, 'tt': 1, 'ttZ': 1, 'ttW': 1, 'ttH': 1, 'singleTop': 1, 'WJets': 1, 'tttt': 1}]
CMS_scale_j_RelativePtEC2_2018 ['shape', {'fakeTau': 0, 'tt': 1, 'ttZ': 1, 'ttW': 1, 'ttH': 1, 'singleTop': 1, 'WJets': 1, 'tttt': 1}]
CMS_scale_j_RelativePtHF ['shape', {'fakeTau': 0, 'tt': 1, 'ttZ': 1, 'ttW': 1, 'ttH': 1, 'singleTop': 1, 'WJets': 1, 'tttt': 1}]
CMS_scale_j_RelativeBal ['shape', {'fakeTau': 0, 'tt': 1, 'ttZ': 1, 'ttW': 1, 'ttH': 1, 'singleTop': 1, 'WJets': 1, 'tttt': 1}]
CMS_scale_j_RelativeSample_2018 ['shape', {'fakeTau': 0, 'tt': 1, 'ttZ': 1, 'ttW': 1, 'ttH': 1, 'singleTop': 1, 'WJets': 1, 'tttt': 1}]
CMS_scale_j_RelativeStatEC_2018 ['shape', {'fakeTau': 0, 'tt': 1, 'ttZ': 1, 'ttW': 1, 'ttH': 1, 'singleTop': 1, 'WJets': 1, 'tttt': 1}]
CMS_scale_j_RelativeStatFSR_2018 ['shape', {'fakeTau': 0, 'tt': 1, 'ttZ': 1, 'ttW': 1, 'ttH': 1, 'singleTop': 1, 'WJets': 1, 'tttt': 1}]
CMS_scale_j_RelativeStatHF_2018 ['shape', {'fakeTau': 0, 'tt': 1, 'ttZ': 1, 'ttW': 1, 'ttH': 1, 'singleTop': 1, 'WJets': 1, 'tttt': 1}]
CMS_scale_j_SinglePionECAL ['shape', {'fakeTau': 0, 'tt': 1, 'ttZ': 1, 'ttW': 1, 'ttH': 1, 'singleTop': 1, 'WJets': 1, 'tttt': 1}]
CMS_scale_j_SinglePionHCAL ['shape', {'fakeTau': 0, 'tt': 1, 'ttZ': 1, 'ttW': 1, 'ttH': 1, 'singleTop': 1, 'WJets': 1, 'tttt': 1}]
CMS_scale_j_TimePtEta_2018 ['shape', {'fakeTau': 0, 'tt': 1, 'ttZ': 1, 'ttW': 1, 'ttH': 1, 'singleTop': 1, 'WJets': 1, 'tttt': 1}]
CMS_scale_j_FlavorPureGluon ['shape', {'fakeTau': 0, 'tt': 1, 'ttZ': 1, 'ttW': 1, 'ttH': 1, 'singleTop': 1, 'WJets': 1, 'tttt': 1}]
CMS_scale_j_FlavorPureQuark ['shape', {'fakeTau': 0, 'tt': 1, 'ttZ': 1, 'ttW': 1, 'ttH': 1, 'singleTop': 1, 'WJets': 1, 'tttt': 1}]
CMS_scale_j_FlavorPureCharm ['shape', {'fakeTau': 0, 'tt': 1, 'ttZ': 1, 'ttW': 1, 'ttH': 1, 'singleTop': 1, 'WJets': 1, 'tttt': 1}]
CMS_scale_j_FlavorPureBottom ['shape', {'fakeTau': 0, 'tt': 1, 'ttZ': 1, 'ttW': 1, 'ttH': 1, 'singleTop': 1, 'WJets': 1, 'tttt': 1}]
CMS_res_j_2018 ['shape', {'fakeTau': 0, 'tt': 1, 'ttZ': 1, 'ttW': 1, 'ttH': 1, 'singleTop': 1, 'WJets': 1, 'tttt': 1}]
CMS_scale_t_DeepTau2017v2p1_DM0_genTau_2018 ['shape', {'fakeTau': 0, 'tt': 1, 'ttZ': 1, 'ttW': 1, 'ttH': 1, 'singleTop': 1, 'WJets': 1, 'tttt': 1}]
CMS_scale_t_DeepTau2017v2p1_DM1_genTau_2018 ['shape', {'fakeTau': 0, 'tt': 1, 'ttZ': 1, 'ttW': 1, 'ttH': 1, 'singleTop': 1, 'WJets': 1, 'tttt': 1}]
CMS_scale_t_DeepTau2017v2p1_DM10_genTau_2018 ['shape', {'fakeTau': 0, 'tt': 1, 'ttZ': 1, 'ttW': 1, 'ttH': 1, 'singleTop': 1, 'WJets': 1, 'tttt': 1}]
CMS_scale_t_DeepTau2017v2p1_DM11_genTau_2018 ['shape', {'fakeTau': 0, 'tt': 1, 'ttZ': 1, 'ttW': 1, 'ttH': 1, 'singleTop': 1, 'WJets': 1, 'tttt': 1}]
CMS_scale_met_unclustered_energy_2018 ['shape', {'fakeTau': 0, 'tt': 1, 'ttZ': 1, 'ttW': 1, 'ttH': 1, 'singleTop': 1, 'WJets': 1, 'tttt': 1}]
CMS_scale_e_2018 ['shape', {'fakeTau': 0, 'tt': 0, 'ttZ': 0, 'ttW': 0, 'ttH': 0, 'singleTop': 0, 'WJets': 0, 'tttt': 0}]
lumi_13TeV_correlated ['lnN', {'fakeTau': 0, 'tt': 1.02, 'ttZ': 1.02, 'ttW': 1.02, 'ttH': 1.02, 'singleTop': 1.02, 'WJets': 1.02, 'tttt': 1.02}]
lumi_2018 ['lnN', {'fakeTau': 0, 'tt': 1.015, 'ttZ': 1.015, 'ttW': 1.015, 'ttH': 1.015, 'singleTop': 1.015, 'WJets': 1.015, 'tttt': 1.015}]
lumi_13TeV_1718 ['lnN', {'fakeTau': 0, 'tt': 1.002, 'ttZ': 1.002, 'ttW': 1.002, 'ttH': 1.002, 'singleTop': 1.002, 'WJets': 1.002, 'tttt': 1.002}]
CMS_TOP24017_norm_tttt ['lnN', {'fakeTau': 0, 'tt': 0, 'ttZ': 0, 'ttW': 0, 'ttH': 0, 'singleTop': 0, 'WJets': 0, 'tttt': 1.1}]
CMS_TOP24017_norm_tt ['lnN', {'fakeTau': 0, 'tt': 1.05, 'ttZ': 0, 'ttW': 0, 'ttH': 0, 'singleTop': 0, 'WJets': 0, 'tttt': 0}]
CMS_TOP24017_norm_singleTop ['lnN', {'fakeTau': 0, 'tt': 0, 'ttZ': 0, 'ttW': 0, 'ttH': 0, 'singleTop': 1.2, 'WJets': 0, 'tttt': 0}]
CMS_TOP24017_norm_WJets ['lnN', {'fakeTau': 0, 'tt': 0, 'ttZ': 0, 'ttW': 0, 'ttH': 0, 'singleTop': 0, 'WJets': 1.1, 'tttt': 0}]
CMS_TOP24017_norm_Minor ['lnN', {'fakeTau': 0, 'tt': 0, 'ttZ': 0, 'ttW': 0, 'ttH': 0, 'singleTop': 0, 'WJets': 0, 'tttt': 0}]
CMS_TOP24017_norm_ttZ ['lnN', {'fakeTau': 0, 'tt': 0, 'ttZ': 1.119, 'ttW': 0, 'ttH': 0, 'singleTop': 0, 'WJets': 0, 'tttt': 0}]
CMS_TOP24017_norm_ttW ['lnN', {'fakeTau': 0, 'tt': 0, 'ttZ': 0, 'ttW': 1.102, 'ttH': 0, 'singleTop': 0, 'WJets': 0, 'tttt': 0}]
CMS_TOP24017_norm_ttH ['lnN', {'fakeTau': 0, 'tt': 0, 'ttZ': 0, 'ttW': 0, 'ttH': 1.084, 'singleTop': 0, 'WJets': 0, 'tttt': 0}]
CMS_TOP24017_norm_fakeLepton_sys ['lnN', {'fakeTau': 0, 'tt': 0, 'ttZ': 0, 'ttW': 0, 'ttH': 0, 'singleTop': 0, 'WJets': 0, 'tttt': 0}]
CMS_TOP24017_norm_fakeLepton_stats ['lnN', {'fakeTau': 0, 'tt': 0, 'ttZ': 0, 'ttW': 0, 'ttH': 0, 'singleTop': 0, 'WJets': 0, 'tttt': 0}]
Datacard written to /publicfs/cms/user/huahuil/tauOfTTTT_NanoAOD/forMVA/2018/v1baselineHadroBtagWeightAdded_v94HadroPreJetVetoHemOnly/mc/variableHists_v9BDT1tau0l_CMSNamingComplete/combine/datacardSys_v6AllSys_unblind_CMSnaming/datacard_1tau0l.txt
