[2025-12-02 14:12:35] INFO  | Logging to file: logs/workflow_1tau1l_stage4.log
[2025-12-02 14:12:35] DEBUG | Running: python3 /workfs2/cms/huahuil/CMSSW_14_1_0_pre4/src/FourTop/plotting/addJESTemplatesToHistFile.py --config /workfs2/cms/huahuil/CMSSW_14_1_0_pre4/src/FourTop/config/analysis_config.yaml --era 2018
[2025-12-02 14:12:35] INFO  | Running: python3 /workfs2/cms/huahuil/CMSSW_14_1_0_pre4/src/FourTop/plotting/addJESTemplatesToHistFile.py --c...
[2025-12-02 14:13:59] DEBUG | Command succeeded in 83.7s
[2025-12-02 14:13:59] DEBUG | Running: python3 /workfs2/cms/huahuil/CMSSW_14_1_0_pre4/src/FourTop/plotting/addJESTemplatesToHistFile.py --config /workfs2/cms/huahuil/CMSSW_14_1_0_pre4/src/FourTop/config/analysis_config.yaml --era 2017
[2025-12-02 14:13:59] INFO  | Running: python3 /workfs2/cms/huahuil/CMSSW_14_1_0_pre4/src/FourTop/plotting/addJESTemplatesToHistFile.py --c...
[2025-12-02 14:14:59] DEBUG | Command succeeded in 59.5s
[2025-12-02 14:14:59] DEBUG | Running: python3 /workfs2/cms/huahuil/CMSSW_14_1_0_pre4/src/FourTop/plotting/addJESTemplatesToHistFile.py --config /workfs2/cms/huahuil/CMSSW_14_1_0_pre4/src/FourTop/config/analysis_config.yaml --era 2016preVFP
[2025-12-02 14:14:59] INFO  | Running: python3 /workfs2/cms/huahuil/CMSSW_14_1_0_pre4/src/FourTop/plotting/addJESTemplatesToHistFile.py --c...
[2025-12-02 14:15:44] DEBUG | Command succeeded in 45.4s
[2025-12-02 14:15:44] DEBUG | Running: python3 /workfs2/cms/huahuil/CMSSW_14_1_0_pre4/src/FourTop/plotting/addJESTemplatesToHistFile.py --config /workfs2/cms/huahuil/CMSSW_14_1_0_pre4/src/FourTop/config/analysis_config.yaml --era 2016postVFP
[2025-12-02 14:15:44] INFO  | Running: python3 /workfs2/cms/huahuil/CMSSW_14_1_0_pre4/src/FourTop/plotting/addJESTemplatesToHistFile.py --c...
[2025-12-02 14:16:32] DEBUG | Command succeeded in 47.5s
[2025-12-02 14:16:32] DEBUG | Running: python3 /workfs2/cms/huahuil/CMSSW_14_1_0_pre4/src/FourTop/plotting/addTemplateNew.py --config /workfs2/cms/huahuil/CMSSW_14_1_0_pre4/src/FourTop/config/analysis_config.yaml --era 2018
[2025-12-02 14:16:32] INFO  | Running: python3 /workfs2/cms/huahuil/CMSSW_14_1_0_pre4/src/FourTop/plotting/addTemplateNew.py --config /work...
[2025-12-02 14:16:47] DEBUG | Command succeeded in 15.2s
[2025-12-02 14:16:47] DEBUG | Running: python3 /workfs2/cms/huahuil/CMSSW_14_1_0_pre4/src/FourTop/plotting/addTemplateNew.py --config /workfs2/cms/huahuil/CMSSW_14_1_0_pre4/src/FourTop/config/analysis_config.yaml --era 2017
[2025-12-02 14:16:47] INFO  | Running: python3 /workfs2/cms/huahuil/CMSSW_14_1_0_pre4/src/FourTop/plotting/addTemplateNew.py --config /work...
[2025-12-02 14:17:02] DEBUG | Command succeeded in 14.7s
[2025-12-02 14:17:02] DEBUG | Running: python3 /workfs2/cms/huahuil/CMSSW_14_1_0_pre4/src/FourTop/plotting/addTemplateNew.py --config /workfs2/cms/huahuil/CMSSW_14_1_0_pre4/src/FourTop/config/analysis_config.yaml --era 2016preVFP
[2025-12-02 14:17:02] INFO  | Running: python3 /workfs2/cms/huahuil/CMSSW_14_1_0_pre4/src/FourTop/plotting/addTemplateNew.py --config /work...
[2025-12-02 14:17:15] DEBUG | Command succeeded in 13.6s
[2025-12-02 14:17:15] DEBUG | Running: python3 /workfs2/cms/huahuil/CMSSW_14_1_0_pre4/src/FourTop/plotting/addTemplateNew.py --config /workfs2/cms/huahuil/CMSSW_14_1_0_pre4/src/FourTop/config/analysis_config.yaml --era 2016postVFP
[2025-12-02 14:17:15] INFO  | Running: python3 /workfs2/cms/huahuil/CMSSW_14_1_0_pre4/src/FourTop/plotting/addTemplateNew.py --config /work...
[2025-12-02 14:17:30] DEBUG | Command succeeded in 15.2s
[2025-12-02 14:17:30] DEBUG | Running: python3 /workfs2/cms/huahuil/CMSSW_14_1_0_pre4/src/FourTop/plotting/smooth_systematics_fourTops.py --config /workfs2/cms/huahuil/CMSSW_14_1_0_pre4/src/FourTop/config/analysis_config.yaml --era 2018
[2025-12-02 14:17:30] INFO  | Running: python3 /workfs2/cms/huahuil/CMSSW_14_1_0_pre4/src/FourTop/plotting/smooth_systematics_fourTops.py -...
[2025-12-02 14:18:15] ERROR | Command failed (code 2) after 44.4s
[2025-12-02 14:18:15] DEBUG | Running: python3 /workfs2/cms/huahuil/CMSSW_14_1_0_pre4/src/FourTop/plotting/smooth_systematics_fourTops.py --config /workfs2/cms/huahuil/CMSSW_14_1_0_pre4/src/FourTop/config/analysis_config.yaml --era 2017
[2025-12-02 14:18:15] INFO  | Running: python3 /workfs2/cms/huahuil/CMSSW_14_1_0_pre4/src/FourTop/plotting/smooth_systematics_fourTops.py -...
[2025-12-02 14:18:19] ERROR | Command failed (code 2) after 4.1s
[2025-12-02 14:18:19] DEBUG | Running: python3 /workfs2/cms/huahuil/CMSSW_14_1_0_pre4/src/FourTop/plotting/smooth_systematics_fourTops.py --config /workfs2/cms/huahuil/CMSSW_14_1_0_pre4/src/FourTop/config/analysis_config.yaml --era 2016preVFP
[2025-12-02 14:18:19] INFO  | Running: python3 /workfs2/cms/huahuil/CMSSW_14_1_0_pre4/src/FourTop/plotting/smooth_systematics_fourTops.py -...
[2025-12-02 14:18:24] ERROR | Command failed (code 2) after 4.7s
[2025-12-02 14:18:24] DEBUG | Running: python3 /workfs2/cms/huahuil/CMSSW_14_1_0_pre4/src/FourTop/plotting/smooth_systematics_fourTops.py --config /workfs2/cms/huahuil/CMSSW_14_1_0_pre4/src/FourTop/config/analysis_config.yaml --era 2016postVFP
[2025-12-02 14:18:24] INFO  | Running: python3 /workfs2/cms/huahuil/CMSSW_14_1_0_pre4/src/FourTop/plotting/smooth_systematics_fourTops.py -...
[2025-12-02 14:18:29] ERROR | Command failed (code 2) after 5.5s
[2025-12-02 14:18:29] ERROR | Stage 4.2.5 failed. Stopping workflow.
