[2025-12-02 13:37:35] INFO  | Logging to file: logs/workflow_1tau1l_fresh.log
[2025-12-02 13:37:35] INFO  | ============================================================
[2025-12-02 13:37:35] INFO  | Starting full pipeline (Stage 3 → Stage 4)
[2025-12-02 13:37:35] INFO  | ============================================================
[2025-12-02 13:37:35] INFO  | Stage 3.3 | Era: 2018
[2025-12-02 13:37:35] INFO  | Stage 3.3 | Input dir: /publicfs/cms/user/huahuil/tauOfTTTT_NanoAOD/forMVA/2018/v1baselineHadroBtagWeightAdded_v94LepPreJetVetoHemOnlyV2/
[2025-12-02 13:37:35] INFO  | Stage 3.3 | Channel: 1tau1l, Version: v10BDT1tau1l_WorkflowTest
[2025-12-02 13:37:35] DEBUG | Running: python3 /workfs2/cms/huahuil/CMSSW_14_1_0_pre4/src/FourTop/.tmp_submit_2018.py
[2025-12-02 13:37:35] INFO  | Running: python3 /workfs2/cms/huahuil/CMSSW_14_1_0_pre4/src/FourTop/.tmp_submit_2018.py...
[2025-12-02 13:38:12] DEBUG | Command succeeded in 37.2s
[2025-12-02 13:38:12] INFO  | Stage 3.3 | Era: 2017
[2025-12-02 13:38:12] INFO  | Stage 3.3 | Input dir: /publicfs/cms/user/huahuil/tauOfTTTT_NanoAOD/forMVA/2017/v1baselineHadroBtagWeightAdded_v94LepPreJetVetoHemOnlyV2/
[2025-12-02 13:38:12] INFO  | Stage 3.3 | Channel: 1tau1l, Version: v10BDT1tau1l_WorkflowTest
[2025-12-02 13:38:12] DEBUG | Running: python3 /workfs2/cms/huahuil/CMSSW_14_1_0_pre4/src/FourTop/.tmp_submit_2017.py
[2025-12-02 13:38:12] INFO  | Running: python3 /workfs2/cms/huahuil/CMSSW_14_1_0_pre4/src/FourTop/.tmp_submit_2017.py...
[2025-12-02 13:38:43] DEBUG | Command succeeded in 30.7s
[2025-12-02 13:38:43] INFO  | Stage 3.3 | Era: 2016preVFP
[2025-12-02 13:38:43] INFO  | Stage 3.3 | Input dir: /publicfs/cms/user/huahuil/tauOfTTTT_NanoAOD/forMVA/2016preVFP/v1baselineHadroBtagWeightAdded_v94LepPreJetVetoHemOnlyV2/
[2025-12-02 13:38:43] INFO  | Stage 3.3 | Channel: 1tau1l, Version: v10BDT1tau1l_WorkflowTest
[2025-12-02 13:38:43] DEBUG | Running: python3 /workfs2/cms/huahuil/CMSSW_14_1_0_pre4/src/FourTop/.tmp_submit_2016preVFP.py
[2025-12-02 13:38:43] INFO  | Running: python3 /workfs2/cms/huahuil/CMSSW_14_1_0_pre4/src/FourTop/.tmp_submit_2016preVFP.py...
[2025-12-02 13:39:15] DEBUG | Command succeeded in 32.3s
[2025-12-02 13:39:15] INFO  | Stage 3.3 | Era: 2016postVFP
[2025-12-02 13:39:15] INFO  | Stage 3.3 | Input dir: /publicfs/cms/user/huahuil/tauOfTTTT_NanoAOD/forMVA/2016postVFP/v1baselineHadroBtagWeightAdded_v94LepPreJetVetoHemOnlyV2/
[2025-12-02 13:39:15] INFO  | Stage 3.3 | Channel: 1tau1l, Version: v10BDT1tau1l_WorkflowTest
[2025-12-02 13:39:15] DEBUG | Running: python3 /workfs2/cms/huahuil/CMSSW_14_1_0_pre4/src/FourTop/.tmp_submit_2016postVFP.py
[2025-12-02 13:39:15] INFO  | Running: python3 /workfs2/cms/huahuil/CMSSW_14_1_0_pre4/src/FourTop/.tmp_submit_2016postVFP.py...
[2025-12-02 13:39:39] DEBUG | Command succeeded in 23.9s
[2025-12-02 13:39:39] INFO  | Stage 3.3.1 | Starting parallel systematic job submission
[2025-12-02 13:39:39] INFO  | Stage 3.3.1 | Submitting for 4 eras concurrently
[2025-12-02 13:39:39] INFO  | Stage 3.3.1 | Era: 2018
[2025-12-02 13:39:39] INFO  | Stage 3.3.1 | Era: 2017
[2025-12-02 13:39:39] INFO  | Stage 3.3.1 | Channel: 1tau1l, Version: v10BDT1tau1l_WorkflowTest
[2025-12-02 13:39:39] INFO  | Stage 3.3.1 | Era: 2016preVFP
[2025-12-02 13:39:39] DEBUG | Running: python3 /workfs2/cms/huahuil/CMSSW_14_1_0_pre4/src/FourTop/writeHistGood/jobs/makeJob_WH_forJES.py --inputDirBase /publicfs/cms/user/huahuil/tauOfTTTT_NanoAOD/forMVA/2018/ --inVersion v94LepPreJetVetoHemOnlyV2 --outVersion v1baselineHadroBtagWeightAdded --channel 1tau1l --version v10BDT1tau1l_WorkflowTest
[2025-12-02 13:39:39] INFO  | Stage 3.3.1 | Channel: 1tau1l, Version: v10BDT1tau1l_WorkflowTest
[2025-12-02 13:39:39] INFO  | Stage 3.3.1 | Era: 2016postVFP
[2025-12-02 13:39:39] INFO  | Stage 3.3.1 | Channel: 1tau1l, Version: v10BDT1tau1l_WorkflowTest
[2025-12-02 13:39:39] INFO  | Running: python3 /workfs2/cms/huahuil/CMSSW_14_1_0_pre4/src/FourTop/writeHistGood/jobs/makeJob_WH_forJES.py -...
[2025-12-02 13:39:39] DEBUG | Running: python3 /workfs2/cms/huahuil/CMSSW_14_1_0_pre4/src/FourTop/writeHistGood/jobs/makeJob_WH_forJES.py --inputDirBase /publicfs/cms/user/huahuil/tauOfTTTT_NanoAOD/forMVA/2017/ --inVersion v94LepPreJetVetoHemOnlyV2 --outVersion v1baselineHadroBtagWeightAdded --channel 1tau1l --version v10BDT1tau1l_WorkflowTest
[2025-12-02 13:39:39] INFO  | Stage 3.3.1 | Channel: 1tau1l, Version: v10BDT1tau1l_WorkflowTest
[2025-12-02 13:39:39] DEBUG | Running: python3 /workfs2/cms/huahuil/CMSSW_14_1_0_pre4/src/FourTop/writeHistGood/jobs/makeJob_WH_forJES.py --inputDirBase /publicfs/cms/user/huahuil/tauOfTTTT_NanoAOD/forMVA/2016preVFP/ --inVersion v94LepPreJetVetoHemOnlyV2 --outVersion v1baselineHadroBtagWeightAdded --channel 1tau1l --version v10BDT1tau1l_WorkflowTest
[2025-12-02 13:39:39] INFO  | Running: python3 /workfs2/cms/huahuil/CMSSW_14_1_0_pre4/src/FourTop/writeHistGood/jobs/makeJob_WH_forJES.py -...
[2025-12-02 13:39:39] DEBUG | Running: python3 /workfs2/cms/huahuil/CMSSW_14_1_0_pre4/src/FourTop/writeHistGood/jobs/makeJob_WH_forJES.py --inputDirBase /publicfs/cms/user/huahuil/tauOfTTTT_NanoAOD/forMVA/2016postVFP/ --inVersion v94LepPreJetVetoHemOnlyV2 --outVersion v1baselineHadroBtagWeightAdded --channel 1tau1l --version v10BDT1tau1l_WorkflowTest
[2025-12-02 13:39:39] INFO  | Running: python3 /workfs2/cms/huahuil/CMSSW_14_1_0_pre4/src/FourTop/writeHistGood/jobs/makeJob_WH_forJES.py -...
[2025-12-02 13:39:39] INFO  | Running: python3 /workfs2/cms/huahuil/CMSSW_14_1_0_pre4/src/FourTop/writeHistGood/jobs/makeJob_WH_forJES.py -...
[2025-12-02 14:00:51] DEBUG | Command succeeded in 1271.9s
[2025-12-02 14:00:51] INFO  | Stage 3.3.1 | 2016preVFP completed successfully
[2025-12-02 14:00:59] DEBUG | Command succeeded in 1280.2s
[2025-12-02 14:00:59] INFO  | Stage 3.3.1 | 2016postVFP completed successfully
[2025-12-02 14:01:03] DEBUG | Command succeeded in 1284.0s
[2025-12-02 14:01:03] INFO  | Stage 3.3.1 | 2018 completed successfully
[2025-12-02 14:01:08] DEBUG | Command succeeded in 1288.6s
[2025-12-02 14:01:08] INFO  | Stage 3.3.1 | 2017 completed successfully
[2025-12-02 14:01:08] INFO  | Stage 3.3.1 | All eras completed in 1288.6s
[2025-12-02 14:01:08] INFO  | Stage 3.4 | Starting job monitoring
[2025-12-02 14:01:08] INFO  | Stage 3.4 | 40 jobs running/pending (0s elapsed)
