[2025-11-03 12:26:27] [INFO] ================================================================================
[2025-11-03 12:26:27] [INFO] CMS Combine Analysis Workflow - Four-Top Search
[2025-11-03 12:26:27] [INFO] ================================================================================
[2025-11-03 12:26:27] [INFO] Card directory: /workfs2/cms/huahuil/CMSSW_14_1_0_pre4/src/FourTop/hua/combine/combinationV18/run2_1tau1l_v4_unblind_check/
[2025-11-03 12:26:27] [INFO] Analysis mode: UNBLINDED (observed)
[2025-11-03 12:26:27] [INFO] ================================================================================
[2025-11-03 12:26:27] [INFO] 
================================================================================
[2025-11-03 12:26:27] [INFO] STEP 1: Converting datacards to RooWorkspace
[2025-11-03 12:26:27] [INFO] ================================================================================
[2025-11-03 12:26:27] [INFO] Converting datacards to workspaces...
[2025-11-03 12:26:27] [INFO] Working directory: /workfs2/cms/huahuil/CMSSW_14_1_0_pre4/src/FourTop/hua/combine/combinationV18/run2_1tau1l_v4_unblind_check/
[2025-11-03 12:26:27] [INFO] Processing datacard: /workfs2/cms/huahuil/CMSSW_14_1_0_pre4/src/FourTop/hua/combine/combinationV18/run2_1tau1l_v4_unblind_check/datacard.txt
[2025-11-03 12:26:27] [INFO] Workspace name: datacard.root
[2025-11-03 12:26:27] [INFO] Output directory: /workfs2/cms/huahuil/CMSSW_14_1_0_pre4/src/FourTop/hua/combine/combinationV18/run2_1tau1l_v4_unblind_check/workspace/
[2025-11-03 12:26:27] [INFO] Running: text2workspace.py /workfs2/cms/huahuil/CMSSW_14_1_0_pre4/src/FourTop/hua/combine/combinationV18/run2_1tau1l_v4_unblind_check/datacard.txt -o /workfs2/cms/huahuil/CMSSW_14_1_0_pre4/src/FourTop/hua/combine/combinationV18/run2_1tau1l_v4_unblind_check/workspace/datacard.root
============================================================
Analyzing bin errors for: prop_binSR1tau1l_2018
Poisson cut-off: 10
Processes excluded for sums: tttt
============================================================
Bin        Contents        Error           Notes                         
0          25.158119       1.690326        total sum                     
0          25.069829       1.690318        excluding marked processes    
0          220.000000      14.832397       Unweighted events, alpha=0.114355
  => Total parameter prop_binSR1tau1l_2018_bin0[0.00,-7.00,7.00] to be Gaussian constrained
------------------------------------------------------------
1          24.087630       1.670497        total sum                     
1          23.864370       1.670478        excluding marked processes    
1          204.000000      14.282857       Unweighted events, alpha=0.118077
  => Total parameter prop_binSR1tau1l_2018_bin1[0.00,-7.00,7.00] to be Gaussian constrained
------------------------------------------------------------
2          29.132962       1.754304        total sum                     
2          28.700848       1.754270        excluding marked processes    
2          268.000000      16.370706       Unweighted events, alpha=0.108705
  => Total parameter prop_binSR1tau1l_2018_bin2[0.00,-7.00,7.00] to be Gaussian constrained
------------------------------------------------------------
3          22.955037       1.510519        total sum                     
3          22.332762       1.510458        excluding marked processes    
3          219.000000      14.798649       Unweighted events, alpha=0.104818
  => Total parameter prop_binSR1tau1l_2018_bin3[0.00,-7.00,7.00] to be Gaussian constrained
------------------------------------------------------------
4          17.336149       1.498855        total sum                     
4          16.632822       1.498786        excluding marked processes    
4          123.000000      11.090537       Unweighted events, alpha=0.140944
  => Total parameter prop_binSR1tau1l_2018_bin4[0.00,-7.00,7.00] to be Gaussian constrained
------------------------------------------------------------
5          9.483206        0.914807        total sum                     
5          8.803914        0.914688        excluding marked processes    
5          93.000000       9.643651        Unweighted events, alpha=0.101970
  => Total parameter prop_binSR1tau1l_2018_bin5[0.00,-7.00,7.00] to be Gaussian constrained
------------------------------------------------------------
6          4.375000        0.534423        total sum                     
6          3.597107        0.534181        excluding marked processes    
6          45.000000       6.708204        Unweighted events, alpha=0.097222
  => Total parameter prop_binSR1tau1l_2018_bin6[0.00,-7.00,7.00] to be Gaussian constrained
------------------------------------------------------------
============================================================
Analyzing bin errors for: prop_binSR1tau1l_2016postVFP
Poisson cut-off: 10
Processes excluded for sums: tttt
============================================================
Bin        Contents        Error           Notes                         
0          8.441246        1.131831        total sum                     
0          8.411501        1.131828        excluding marked processes    
0          55.000000       7.416198        Unweighted events, alpha=0.153477
  => Total parameter prop_binSR1tau1l_2016postVFP_bin0[0.00,-7.00,7.00] to be Gaussian constrained
------------------------------------------------------------
1          8.136708        1.051611        total sum                     
1          8.068937        1.051604        excluding marked processes    
1          59.000000       7.681146        Unweighted events, alpha=0.137910
  => Total parameter prop_binSR1tau1l_2016postVFP_bin1[0.00,-7.00,7.00] to be Gaussian constrained
------------------------------------------------------------
2          7.007197        0.719670        total sum                     
2          6.895591        0.719648        excluding marked processes    
2          92.000000       9.591663        Unweighted events, alpha=0.076165
  => Total parameter prop_binSR1tau1l_2016postVFP_bin2[0.00,-7.00,7.00] to be Gaussian constrained
------------------------------------------------------------
3          4.683833        0.574185        total sum                     
3          4.505935        0.574145        excluding marked processes    
3          62.000000       7.874008        Unweighted events, alpha=0.075546
  => Total parameter prop_binSR1tau1l_2016postVFP_bin3[0.00,-7.00,7.00] to be Gaussian constrained
------------------------------------------------------------
4          3.506792        0.475237        total sum                     
4          3.333957        0.475182        excluding marked processes    
4          49.000000       7.000000        Unweighted events, alpha=0.071567
  => Total parameter prop_binSR1tau1l_2016postVFP_bin4[0.00,-7.00,7.00] to be Gaussian constrained
------------------------------------------------------------
5          2.075642        0.342096        total sum                     
5          1.909969        0.342020        excluding marked processes    
5          31.000000       5.567764        Unweighted events, alpha=0.066956
  => Total parameter prop_binSR1tau1l_2016postVFP_bin5[0.00,-7.00,7.00] to be Gaussian constrained
------------------------------------------------------------
6          1.229256        0.234321        total sum                     
6          1.040333        0.234184        excluding marked processes    
6          20.000000       4.472136        Unweighted events, alpha=0.061463
  => Total parameter prop_binSR1tau1l_2016postVFP_bin6[0.00,-7.00,7.00] to be Gaussian constrained
------------------------------------------------------------
============================================================
Analyzing bin errors for: prop_binSR1tau1l_2016preVFP
Poisson cut-off: 10
Processes excluded for sums: tttt
============================================================
Bin        Contents        Error           Notes                         
0          9.106992        0.996993        total sum                     
0          9.074128        0.996988        excluding marked processes    
0          83.000000       9.110434        Unweighted events, alpha=0.109723
  => Total parameter prop_binSR1tau1l_2016preVFP_bin0[0.00,-7.00,7.00] to be Gaussian constrained
------------------------------------------------------------
1          10.724828       1.243942        total sum                     
1          10.650392       1.243932        excluding marked processes    
1          73.000000       8.544004        Unweighted events, alpha=0.146915
  => Total parameter prop_binSR1tau1l_2016preVFP_bin1[0.00,-7.00,7.00] to be Gaussian constrained
------------------------------------------------------------
2          10.245212       1.160572        total sum                     
2          10.106108       1.160551        excluding marked processes    
2          76.000000       8.717798        Unweighted events, alpha=0.134805
  => Total parameter prop_binSR1tau1l_2016preVFP_bin2[0.00,-7.00,7.00] to be Gaussian constrained
------------------------------------------------------------
3          9.100587        1.186233        total sum                     
3          8.903645        1.186202        excluding marked processes    
3          56.000000       7.483315        Unweighted events, alpha=0.162510
  => Total parameter prop_binSR1tau1l_2016preVFP_bin3[0.00,-7.00,7.00] to be Gaussian constrained
------------------------------------------------------------
4          4.857140        0.705479        total sum                     
4          4.625107        0.705417        excluding marked processes    
4          43.000000       6.557439        Unweighted events, alpha=0.112957
  => Total parameter prop_binSR1tau1l_2016preVFP_bin4[0.00,-7.00,7.00] to be Gaussian constrained
------------------------------------------------------------
5          3.061633        0.589674        total sum                     
5          2.834171        0.589596        excluding marked processes    
5          23.000000       4.795832        Unweighted events, alpha=0.133114
  => Total parameter prop_binSR1tau1l_2016preVFP_bin5[0.00,-7.00,7.00] to be Gaussian constrained
------------------------------------------------------------
6          1.176343        0.227780        total sum                     
6          0.916182        0.227537        excluding marked processes    
6          16.000000       4.000000        Unweighted events, alpha=0.073521
  => Total parameter prop_binSR1tau1l_2016preVFP_bin6[0.00,-7.00,7.00] to be Gaussian constrained
------------------------------------------------------------
============================================================
Analyzing bin errors for: prop_binSR1tau1l_2017
Poisson cut-off: 10
Processes excluded for sums: tttt
============================================================
Bin        Contents        Error           Notes                         
0          15.725452       1.302272        total sum                     
0          15.657854       1.302266        excluding marked processes    
0          145.000000      12.041595       Unweighted events, alpha=0.108451
  => Total parameter prop_binSR1tau1l_2017_bin0[0.00,-7.00,7.00] to be Gaussian constrained
------------------------------------------------------------
1          15.055530       1.145950        total sum                     
1          14.891147       1.145934        excluding marked processes    
1          169.000000      13.000000       Unweighted events, alpha=0.089086
  => Total parameter prop_binSR1tau1l_2017_bin1[0.00,-7.00,7.00] to be Gaussian constrained
------------------------------------------------------------
2          19.931040       1.537798        total sum                     
2          19.637005       1.537775        excluding marked processes    
2          163.000000      12.767145       Unweighted events, alpha=0.122276
  => Total parameter prop_binSR1tau1l_2017_bin2[0.00,-7.00,7.00] to be Gaussian constrained
------------------------------------------------------------
3          13.350463       0.951040        total sum                     
3          12.925452       0.950985        excluding marked processes    
3          185.000000      13.601471       Unweighted events, alpha=0.072165
  => Total parameter prop_binSR1tau1l_2017_bin3[0.00,-7.00,7.00] to be Gaussian constrained
------------------------------------------------------------
4          10.429548       1.040010        total sum                     
4          9.960347        1.039953        excluding marked processes    
4          92.000000       9.591663        Unweighted events, alpha=0.113365
  => Total parameter prop_binSR1tau1l_2017_bin4[0.00,-7.00,7.00] to be Gaussian constrained
------------------------------------------------------------
5          5.830061        0.705943        total sum                     
5          5.349064        0.705854        excluding marked processes    
5          57.000000       7.549834        Unweighted events, alpha=0.102282
  => Total parameter prop_binSR1tau1l_2017_bin5[0.00,-7.00,7.00] to be Gaussian constrained
------------------------------------------------------------
6          2.849900        0.346752        total sum                     
6          2.353183        0.346543        excluding marked processes    
6          46.000000       6.782330        Unweighted events, alpha=0.061954
  => Total parameter prop_binSR1tau1l_2017_bin6[0.00,-7.00,7.00] to be Gaussian constrained
------------------------------------------------------------
Channel SR1tau1l_2018 will use autoMCStats with settings: event-threshold=10, include-signal=0, hist-mode=1
Channel SR1tau1l_2016postVFP will use autoMCStats with settings: event-threshold=10, include-signal=0, hist-mode=1
Channel SR1tau1l_2016preVFP will use autoMCStats with settings: event-threshold=10, include-signal=0, hist-mode=1
Channel SR1tau1l_2017 will use autoMCStats with settings: event-threshold=10, include-signal=0, hist-mode=1
[2025-11-03 12:26:45] [INFO] ✓ Workspace transformation complete! Created 1 workspace(s)

[2025-11-03 12:26:45] [INFO] 
================================================================================
[2025-11-03 12:26:45] [INFO] STEP 2: Calculating expected/observed limits
[2025-11-03 12:26:45] [INFO] ================================================================================
[2025-11-03 12:26:45] [INFO] Using tttt datacard: datacard.root
[2025-11-03 12:26:45] [INFO] Output directory: /workfs2/cms/huahuil/CMSSW_14_1_0_pre4/src/FourTop/hua/combine/combinationV18/run2_1tau1l_v4_unblind_check/workspace/results/
[2025-11-03 12:26:45] [INFO] Working directory: /workfs2/cms/huahuil/CMSSW_14_1_0_pre4/src/FourTop/hua/combine/combinationV18/run2_1tau1l_v4_unblind_check/
[2025-11-03 12:26:45] [INFO] Running tttt Limits calculation - unblinded (observed)
[2025-11-03 12:26:45] [INFO] Running: combine -M AsymptoticLimits /workfs2/cms/huahuil/CMSSW_14_1_0_pre4/src/FourTop/hua/combine/combinationV18/run2_1tau1l_v4_unblind_check/workspace/datacard.root --name _datacard
[2025-11-03 12:28:00] [INFO] ✓ Command completed (exit code: 0)
[2025-11-03 12:28:00] [INFO] 
================================================================================
[2025-11-03 12:28:00] [INFO] STEP 3: Calculating significance
[2025-11-03 12:28:00] [INFO] ================================================================================
[2025-11-03 12:28:00] [INFO] Using tttt datacard: datacard.root
[2025-11-03 12:28:00] [INFO] Output directory: /workfs2/cms/huahuil/CMSSW_14_1_0_pre4/src/FourTop/hua/combine/combinationV18/run2_1tau1l_v4_unblind_check/workspace/results/
[2025-11-03 12:28:00] [INFO] Working directory: /workfs2/cms/huahuil/CMSSW_14_1_0_pre4/src/FourTop/hua/combine/combinationV18/run2_1tau1l_v4_unblind_check/
[2025-11-03 12:28:00] [INFO] Running tttt Significance calculation - unblinded (observed)
[2025-11-03 12:28:00] [INFO] Running: combine -M Significance /workfs2/cms/huahuil/CMSSW_14_1_0_pre4/src/FourTop/hua/combine/combinationV18/run2_1tau1l_v4_unblind_check/workspace/datacard.root --name _datacard --plot significance
[2025-11-03 12:28:06] [INFO] ✓ Command completed (exit code: 0)
[2025-11-03 12:28:06] [INFO] 
================================================================================
[2025-11-03 12:28:06] [INFO] STEP 5: Generating post-fit plots
[2025-11-03 12:28:06] [INFO] ================================================================================
[2025-11-03 12:28:06] [INFO] Using tttt datacard: datacard.root
[2025-11-03 12:28:06] [INFO] Output directory: /workfs2/cms/huahuil/CMSSW_14_1_0_pre4/src/FourTop/hua/combine/combinationV18/run2_1tau1l_v4_unblind_check/combineResults/postfitPlots/
[2025-11-03 12:28:06] [INFO] Working directory: /workfs2/cms/huahuil/CMSSW_14_1_0_pre4/src/FourTop/hua/combine/combinationV18/run2_1tau1l_v4_unblind_check/combineResults/postfitPlots/
[2025-11-03 12:28:06] [INFO] Running: combine -M FitDiagnostics /workfs2/cms/huahuil/CMSSW_14_1_0_pre4/src/FourTop/hua/combine/combinationV18/run2_1tau1l_v4_unblind_check/workspace/datacard.root  --rMin 0 --rMax 20 --saveShapes --saveWithUncertainties --cminDefaultMinimizerStrategy 0
[2025-11-03 12:30:49] [INFO] ✓ Command completed (exit code: 0)
[2025-11-03 12:30:49] [INFO] 
================================================================================
[2025-11-03 12:30:49] [INFO] STEP 6: Measuring signal strength
[2025-11-03 12:30:49] [INFO] ================================================================================
[2025-11-03 12:30:49] [INFO] Using tttt datacard: datacard.root
[2025-11-03 12:30:49] [INFO] Output directory: /workfs2/cms/huahuil/CMSSW_14_1_0_pre4/src/FourTop/hua/combine/combinationV18/run2_1tau1l_v4_unblind_check/combineResults/signalStrength/
[2025-11-03 12:30:49] [INFO] Working directory: /workfs2/cms/huahuil/CMSSW_14_1_0_pre4/src/FourTop/hua/combine/combinationV18/run2_1tau1l_v4_unblind_check/combineResults/signalStrength/
[2025-11-03 12:30:49] [INFO] Running: combine -M MultiDimFit /workfs2/cms/huahuil/CMSSW_14_1_0_pre4/src/FourTop/hua/combine/combinationV18/run2_1tau1l_v4_unblind_check/workspace/datacard.root --algo grid --points 100 --rMin 0 --rMax 20 --redefineSignalPOIs r -n .scan
[2025-11-03 12:31:59] [INFO] ✓ Command completed (exit code: 0)
[2025-11-03 12:31:59] [INFO] Running: combine -M MultiDimFit /workfs2/cms/huahuil/CMSSW_14_1_0_pre4/src/FourTop/hua/combine/combinationV18/run2_1tau1l_v4_unblind_check/workspace/datacard.root -n .snapshot --rMin 0 --rMax 20 --saveWorkspace
[2025-11-03 12:32:04] [INFO] ✓ Command completed (exit code: 0)
[2025-11-03 12:32:04] [INFO] Running: combine -M MultiDimFit higgsCombine.snapshot.MultiDimFit.mH120.root -n .freezeAll --rMin 0 --rMax 20 --algo grid --points 100 --freezeParameters allConstrainedNuisances --snapshotName MultiDimFit
[2025-11-03 12:32:08] [INFO] ✓ Command completed (exit code: 0)
[2025-11-03 12:32:08] [INFO] Running: plot1DScan.py higgsCombine.scan.MultiDimFit.mH120.root --others 'higgsCombine.freezeAll.MultiDimFit.mH120.root:StatOnly:2' -o scan_plot --breakdown Syst,Stat
[2025-11-03 12:32:14] [INFO] ✓ Command completed (exit code: 0)
[2025-11-03 12:32:14] [INFO] Running: cd /workfs2/cms/huahuil/CMSSW_14_1_0_pre4/src/FourTop/hua/combine/combinationV18/run2_1tau1l_v4_unblind_check/combineResults/signalStrength/ && combine -M MultiDimFit higgsCombineTest.MultiDimFit.mH120.root --algo singles --redefineSignalPOIs r --saveWorkspace 2>&1 | grep "r :"
[2025-11-03 12:32:14] [ERROR] Command failed with return code 1: cd /workfs2/cms/huahuil/CMSSW_14_1_0_pre4/src/FourTop/hua/combine/combinationV18/run2_1tau1l_v4_unblind_check/combineResults/signalStrength/ && combine -M MultiDimFit higgsCombineTest.MultiDimFit.mH120.root --algo singles --redefineSignalPOIs r --saveWorkspace 2>&1 | grep "r :"
[2025-11-03 12:32:14] [ERROR] Failed to execute command: cd /workfs2/cms/huahuil/CMSSW_14_1_0_pre4/src/FourTop/hua/combine/combinationV18/run2_1tau1l_v4_unblind_check/combineResults/signalStrength/ && combine -M MultiDimFit higgsCombineTest.MultiDimFit.mH120.root --algo singles --redefineSignalPOIs r --saveWorkspace 2>&1 | grep "r :"
[2025-11-03 12:32:14] [ERROR] Error: Command 'cd /workfs2/cms/huahuil/CMSSW_14_1_0_pre4/src/FourTop/hua/combine/combinationV18/run2_1tau1l_v4_unblind_check/combineResults/signalStrength/ && combine -M MultiDimFit higgsCombineTest.MultiDimFit.mH120.root --algo singles --redefineSignalPOIs r --saveWorkspace 2>&1 | grep "r :"' returned non-zero exit status 1.
[2025-11-03 12:32:14] [ERROR] Analysis workflow failed: Command 'cd /workfs2/cms/huahuil/CMSSW_14_1_0_pre4/src/FourTop/hua/combine/combinationV18/run2_1tau1l_v4_unblind_check/combineResults/signalStrength/ && combine -M MultiDimFit higgsCombineTest.MultiDimFit.mH120.root --algo singles --redefineSignalPOIs r --saveWorkspace 2>&1 | grep "r :"' returned non-zero exit status 1.
Traceback (most recent call last):
  File "/workfs2/cms/huahuil/CMSSW_14_1_0_pre4/src/FourTop/hua/combine/runCombineAll.py", line 253, in main
    measureSignalStrength(working_cardDir, ifVLL, channel)  #!Step 3 of unblinding
  File "/workfs2/cms/huahuil/CMSSW_14_1_0_pre4/src/FourTop/hua/combine/runCombineAll.py", line 390, in measureSignalStrength
    runCommand(extractTotal)
  File "/workfs2/cms/huahuil/CMSSW_14_1_0_pre4/src/FourTop/hua/combine/runCombineAll.py", line 512, in runCommand
    raise subprocess.CalledProcessError(returncode, com, output=stdout, stderr=stderr)
subprocess.CalledProcessError: Command 'cd /workfs2/cms/huahuil/CMSSW_14_1_0_pre4/src/FourTop/hua/combine/combinationV18/run2_1tau1l_v4_unblind_check/combineResults/signalStrength/ && combine -M MultiDimFit higgsCombineTest.MultiDimFit.mH120.root --algo singles --redefineSignalPOIs r --saveWorkspace 2>&1 | grep "r :"' returned non-zero exit status 1.
 <<< Combine >>> 
 <<< v10.1.0 >>>
>>> Random number generator seed is 123456
>>> Method used is AsymptoticLimits

 -- AsymptoticLimits ( CLs ) --
Observed Limit: r < 5.8827
Expected  2.5%: r < 2.0383
Expected 16.0%: r < 2.7564
Expected 50.0%: r < 3.9531
Expected 84.0%: r < 5.7967
Expected 97.5%: r < 8.2524

Done in 1.18 min (cpu), 1.19 min (real)

 <<< Combine >>> 
 <<< v10.1.0 >>>
>>> Random number generator seed is 123456
>>> Method used is Significance

 -- Significance -- 
Significance: 1.12187
Done in 0.04 min (cpu), 0.04 min (real)

 <<< Combine >>> 
 <<< v10.1.0 >>>
>>> Random number generator seed is 123456
>>> Method used is FitDiagnostics

 --- FitDiagnostics ---
Best fit r: 2.11652  -1.89366/+2.08126  (68% CL)
Done in 2.62 min (cpu), 2.65 min (real)

 <<< Combine >>> 
 <<< v10.1.0 >>>
>>> Random number generator seed is 123456
>>> Method used is MultiDimFit
Doing initial fit: 
 POI: r= 2.12672 -> [0,20]
Point 0/100 r = 0.1
Point 1/100 r = 0.3
Point 2/100 r = 0.5
Point 3/100 r = 0.7
Point 4/100 r = 0.9
Point 5/100 r = 1.1
Point 6/100 r = 1.3
Point 7/100 r = 1.5
Point 8/100 r = 1.7
Point 9/100 r = 1.9
Point 10/100 r = 2.1
Point 11/100 r = 2.3
Point 12/100 r = 2.5
Point 13/100 r = 2.7
Point 14/100 r = 2.9
Point 15/100 r = 3.1
Point 16/100 r = 3.3
Point 17/100 r = 3.5
Point 18/100 r = 3.7
Point 19/100 r = 3.9
Point 20/100 r = 4.1
Point 21/100 r = 4.3
Point 22/100 r = 4.5
Point 23/100 r = 4.7
Point 24/100 r = 4.9
Point 25/100 r = 5.1
Point 26/100 r = 5.3
Point 27/100 r = 5.5
Point 28/100 r = 5.7
Point 29/100 r = 5.9
Point 30/100 r = 6.1
Point 31/100 r = 6.3
Point 32/100 r = 6.5
Point 33/100 r = 6.7
Point 34/100 r = 6.9
Point 35/100 r = 7.1
Point 36/100 r = 7.3
Point 37/100 r = 7.5
Point 38/100 r = 7.7
Point 39/100 r = 7.9
Point 40/100 r = 8.1
Point 41/100 r = 8.3
Point 42/100 r = 8.5
Point 43/100 r = 8.7
Point 44/100 r = 8.9
Point 45/100 r = 9.1
Point 46/100 r = 9.3
Point 47/100 r = 9.5
Point 48/100 r = 9.7
Point 49/100 r = 9.9
Point 50/100 r = 10.1
Point 51/100 r = 10.3
Point 52/100 r = 10.5
Point 53/100 r = 10.7
Point 54/100 r = 10.9
Point 55/100 r = 11.1
Point 56/100 r = 11.3
Point 57/100 r = 11.5
Point 58/100 r = 11.7
Point 59/100 r = 11.9
Point 60/100 r = 12.1
Point 61/100 r = 12.3
Point 62/100 r = 12.5
Point 63/100 r = 12.7
Point 64/100 r = 12.9
Point 65/100 r = 13.1
Point 66/100 r = 13.3
Point 67/100 r = 13.5
Point 68/100 r = 13.7
Point 69/100 r = 13.9
Point 70/100 r = 14.1
Point 71/100 r = 14.3
Point 72/100 r = 14.5
Point 73/100 r = 14.7
Point 74/100 r = 14.9
Point 75/100 r = 15.1
Point 76/100 r = 15.3
Point 77/100 r = 15.5
Point 78/100 r = 15.7
Point 79/100 r = 15.9
Point 80/100 r = 16.1
Point 81/100 r = 16.3
Point 82/100 r = 16.5
Point 83/100 r = 16.7
Point 84/100 r = 16.9
Point 85/100 r = 17.1
Point 86/100 r = 17.3
Point 87/100 r = 17.5
Point 88/100 r = 17.7
Point 89/100 r = 17.9
Point 90/100 r = 18.1
Point 91/100 r = 18.3
Point 92/100 r = 18.5
Point 93/100 r = 18.7
Point 94/100 r = 18.9
Point 95/100 r = 19.1
Point 96/100 r = 19.3
Point 97/100 r = 19.5
Point 98/100 r = 19.7
Point 99/100 r = 19.9
Done in 1.10 min (cpu), 1.11 min (real)

 <<< Combine >>> 
 <<< v10.1.0 >>>
>>> Random number generator seed is 123456
>>> Method used is MultiDimFit
Doing initial fit: 

 --- MultiDimFit ---
best fit parameter values: 
   r :    +2.127
Done in 0.01 min (cpu), 0.01 min (real)

 <<< Combine >>> 
 <<< v10.1.0 >>>
>>> Random number generator seed is 123456
>>> Method used is MultiDimFit
Doing initial fit: 
 POI: r= 2.1186 -> [0,20]
Point 0/100 r = 0.1
Point 1/100 r = 0.3
Point 2/100 r = 0.5
Point 3/100 r = 0.7
Point 4/100 r = 0.9
Point 5/100 r = 1.1
Point 6/100 r = 1.3
Point 7/100 r = 1.5
Point 8/100 r = 1.7
Point 9/100 r = 1.9
Point 10/100 r = 2.1
Point 11/100 r = 2.3
Point 12/100 r = 2.5
Point 13/100 r = 2.7
Point 14/100 r = 2.9
Point 15/100 r = 3.1
Point 16/100 r = 3.3
Point 17/100 r = 3.5
Point 18/100 r = 3.7
Point 19/100 r = 3.9
Point 20/100 r = 4.1
Point 21/100 r = 4.3
Point 22/100 r = 4.5
Point 23/100 r = 4.7
Point 24/100 r = 4.9
Point 25/100 r = 5.1
Point 26/100 r = 5.3
Point 27/100 r = 5.5
Point 28/100 r = 5.7
Point 29/100 r = 5.9
Point 30/100 r = 6.1
Point 31/100 r = 6.3
Point 32/100 r = 6.5
Point 33/100 r = 6.7
Point 34/100 r = 6.9
Point 35/100 r = 7.1
Point 36/100 r = 7.3
Point 37/100 r = 7.5
Point 38/100 r = 7.7
Point 39/100 r = 7.9
Point 40/100 r = 8.1
Point 41/100 r = 8.3
Point 42/100 r = 8.5
Point 43/100 r = 8.7
Point 44/100 r = 8.9
Point 45/100 r = 9.1
Point 46/100 r = 9.3
Point 47/100 r = 9.5
Point 48/100 r = 9.7
Point 49/100 r = 9.9
Point 50/100 r = 10.1
Point 51/100 r = 10.3
Point 52/100 r = 10.5
Point 53/100 r = 10.7
Point 54/100 r = 10.9
Point 55/100 r = 11.1
Point 56/100 r = 11.3
Point 57/100 r = 11.5
Point 58/100 r = 11.7
Point 59/100 r = 11.9
Point 60/100 r = 12.1
Point 61/100 r = 12.3
Point 62/100 r = 12.5
Point 63/100 r = 12.7
Point 64/100 r = 12.9
Point 65/100 r = 13.1
Point 66/100 r = 13.3
Point 67/100 r = 13.5
Point 68/100 r = 13.7
Point 69/100 r = 13.9
Point 70/100 r = 14.1
Point 71/100 r = 14.3
Point 72/100 r = 14.5
Point 73/100 r = 14.7
Point 74/100 r = 14.9
Point 75/100 r = 15.1
Point 76/100 r = 15.3
Point 77/100 r = 15.5
Point 78/100 r = 15.7
Point 79/100 r = 15.9
Point 80/100 r = 16.1
Point 81/100 r = 16.3
Point 82/100 r = 16.5
Point 83/100 r = 16.7
Point 84/100 r = 16.9
Point 85/100 r = 17.1
Point 86/100 r = 17.3
Point 87/100 r = 17.5
Point 88/100 r = 17.7
Point 89/100 r = 17.9
Point 90/100 r = 18.1
Point 91/100 r = 18.3
Point 92/100 r = 18.5
Point 93/100 r = 18.7
Point 94/100 r = 18.9
Point 95/100 r = 19.1
Point 96/100 r = 19.3
Point 97/100 r = 19.5
Point 98/100 r = 19.7
Point 99/100 r = 19.9
Done in 0.00 min (cpu), 0.00 min (real)

--------------------------------------
scan_plot
--------------------------------------
[{'lo': 0.22263989101803883, 'hi': 4.198069647053695, 'valid_lo': True, 'valid_hi': True}]
[{'lo': 0.10000000149011612, 'hi': 6.569005799064013, 'valid_lo': False, 'valid_hi': True}]
[{'lo': 0.7003961531155956, 'hi': 3.6796984670779618, 'valid_lo': True, 'valid_hi': True}]
[{'lo': 0.10000000149011612, 'hi': 5.3775768210709485, 'valid_lo': False, 'valid_hi': True}]

Info in <TCanvas::Print>: pdf file ./scan_plot.pdf has been created
Info in <TCanvas::Print>: png file ./scan_plot.png has been created

Signal strength results here:  /workfs2/cms/huahuil/CMSSW_14_1_0_pre4/src/FourTop/hua/combine/combinationV18/run2_1tau1l_v4_unblind_check/combineResults/signalStrength/

============================================================
Signal Strength and Uncertainty Breakdown:
============================================================

Running uncertainty extraction...
