[2025-11-03 13:12:42] [INFO] ================================================================================
[2025-11-03 13:12:42] [INFO] CMS Combine Analysis Workflow - Four-Top Search
[2025-11-03 13:12:42] [INFO] ================================================================================
[2025-11-03 13:12:42] [INFO] Card directory: /workfs2/cms/huahuil/CMSSW_14_1_0_pre4/src/FourTop/hua/combine/combinationV18/run2_1tau0l_v4_unblind_smoothed_check/
[2025-11-03 13:12:42] [INFO] Analysis mode: BLINDED (expected)
[2025-11-03 13:12:42] [INFO] ================================================================================
[2025-11-03 13:12:42] [INFO] 
================================================================================
[2025-11-03 13:12:42] [INFO] STEP 3: Calculating significance
[2025-11-03 13:12:42] [INFO] ================================================================================
[2025-11-03 13:12:42] [INFO] Using tttt datacard: datacard.root
[2025-11-03 13:12:42] [INFO] Output directory: /workfs2/cms/huahuil/CMSSW_14_1_0_pre4/src/FourTop/hua/combine/combinationV18/run2_1tau0l_v4_unblind_smoothed_check/workspace/results/
[2025-11-03 13:12:42] [INFO] Working directory: /workfs2/cms/huahuil/CMSSW_14_1_0_pre4/src/FourTop/hua/combine/combinationV18/run2_1tau0l_v4_unblind_smoothed_check/
[2025-11-03 13:12:42] [INFO] Running tttt Significance calculation - blinded (expected)
[2025-11-03 13:12:42] [INFO] Running: combine -M Significance /workfs2/cms/huahuil/CMSSW_14_1_0_pre4/src/FourTop/hua/combine/combinationV18/run2_1tau0l_v4_unblind_smoothed_check/workspace/datacard.root -t -1 --expectSignal=1 --name _datacard
[2025-11-03 13:12:49] [INFO] stdout:  <<< Combine >>> 
 <<< v10.1.0 >>>
>>> Random number generator seed is 123456
>>> Method used is Significance

 -- Significance -- 
Significance: 0.26746
Done in 0.05 min (cpu), 0.05 min (real)

[2025-11-03 13:12:49] [INFO] ✓ Command completed (exit code: 0)
[2025-11-03 13:12:49] [INFO] 
================================================================================
[2025-11-03 13:12:49] [INFO] ✓ Analysis workflow completed successfully!
[2025-11-03 13:12:49] [INFO] ================================================================================
